
===========================================================================
 report_power
============================================================================
======================= nom_tt_025C_1v80 Corner ===================================

Group                    Internal    Switching      Leakage        Total
                            Power        Power        Power        Power (Watts)
------------------------------------------------------------------------
Sequential           6.708706e-03 6.266160e-08 7.622933e-08 6.708845e-03 100.0%
Combinational        1.364160e-08 1.551636e-08 2.311123e-07 2.602702e-07   0.0%
Clock                0.000000e+00 0.000000e+00 0.000000e+00 0.000000e+00   0.0%
Macro                0.000000e+00 0.000000e+00 0.000000e+00 0.000000e+00   0.0%
Pad                  0.000000e+00 0.000000e+00 0.000000e+00 0.000000e+00   0.0%
------------------------------------------------------------------------
Total                6.708720e-03 7.817796e-08 3.072695e-07 6.709105e-03 100.0%
                           100.0%         0.0%         0.0%

