
===========================================================================
 report_power
============================================================================
======================= nom_tt_025C_1v80 Corner ===================================

Group                    Internal    Switching      Leakage        Total
                            Power        Power        Power        Power (Watts)
------------------------------------------------------------------------
Sequential           6.708707e-03 8.348184e-08 7.619110e-08 6.708866e-03 100.0%
Combinational        1.245202e-08 2.434536e-08 3.070472e-07 3.438446e-07   0.0%
Clock                0.000000e+00 0.000000e+00 0.000000e+00 0.000000e+00   0.0%
Macro                0.000000e+00 0.000000e+00 0.000000e+00 0.000000e+00   0.0%
Pad                  0.000000e+00 0.000000e+00 0.000000e+00 0.000000e+00   0.0%
------------------------------------------------------------------------
Total                6.708719e-03 1.078272e-07 3.831535e-07 6.709211e-03 100.0%
                           100.0%         0.0%         0.0%

