
===========================================================================
 report_power
============================================================================
======================= nom_ss_100C_1v60 Corner ===================================

Group                    Internal    Switching      Leakage        Total
                            Power        Power        Power        Power (Watts)
------------------------------------------------------------------------
Sequential           5.058198e-03 6.591232e-08 1.289579e-04 5.187222e-03  93.9%
Combinational        9.583610e-09 1.248256e-08 3.355911e-04 3.356132e-04   6.1%
Clock                0.000000e+00 0.000000e+00 0.000000e+00 0.000000e+00   0.0%
Macro                0.000000e+00 0.000000e+00 0.000000e+00 0.000000e+00   0.0%
Pad                  0.000000e+00 0.000000e+00 0.000000e+00 0.000000e+00   0.0%
------------------------------------------------------------------------
Total                5.058208e-03 7.839488e-08 4.645016e-04 5.522788e-03 100.0%
                            91.6%         0.0%         8.4%

