
64. Executing PROC_DLATCH pass (convert process syncs to latches).
No latch inferred for signal `$paramod$62baa0f67ac0adab734db730771cfcbaa30a24e3\apb_splitter.\prdata_mux[7]' from process `$paramod$62baa0f67ac0adab734db730771cfcbaa30a24e3\apb_splitter.$proc$/home/auc/si-sprint26-project-nanonpu/Backend/openlane/RTL/apb_splitter.v:69$622'.
No latch inferred for signal `$paramod$62baa0f67ac0adab734db730771cfcbaa30a24e3\apb_splitter.\prdata_mux[6]' from process `$paramod$62baa0f67ac0adab734db730771cfcbaa30a24e3\apb_splitter.$proc$/home/auc/si-sprint26-project-nanonpu/Backend/openlane/RTL/apb_splitter.v:69$621'.
No latch inferred for signal `$paramod$62baa0f67ac0adab734db730771cfcbaa30a24e3\apb_splitter.\prdata_mux[5]' from process `$paramod$62baa0f67ac0adab734db730771cfcbaa30a24e3\apb_splitter.$proc$/home/auc/si-sprint26-project-nanonpu/Backend/openlane/RTL/apb_splitter.v:69$620'.
No latch inferred for signal `$paramod$62baa0f67ac0adab734db730771cfcbaa30a24e3\apb_splitter.\prdata_mux[4]' from process `$paramod$62baa0f67ac0adab734db730771cfcbaa30a24e3\apb_splitter.$proc$/home/auc/si-sprint26-project-nanonpu/Backend/openlane/RTL/apb_splitter.v:69$619'.
No latch inferred for signal `$paramod$62baa0f67ac0adab734db730771cfcbaa30a24e3\apb_splitter.\prdata_mux[3]' from process `$paramod$62baa0f67ac0adab734db730771cfcbaa30a24e3\apb_splitter.$proc$/home/auc/si-sprint26-project-nanonpu/Backend/openlane/RTL/apb_splitter.v:69$618'.
No latch inferred for signal `$paramod$62baa0f67ac0adab734db730771cfcbaa30a24e3\apb_splitter.\prdata_mux[2]' from process `$paramod$62baa0f67ac0adab734db730771cfcbaa30a24e3\apb_splitter.$proc$/home/auc/si-sprint26-project-nanonpu/Backend/openlane/RTL/apb_splitter.v:69$617'.
No latch inferred for signal `$paramod$62baa0f67ac0adab734db730771cfcbaa30a24e3\apb_splitter.\prdata_mux[1]' from process `$paramod$62baa0f67ac0adab734db730771cfcbaa30a24e3\apb_splitter.$proc$/home/auc/si-sprint26-project-nanonpu/Backend/openlane/RTL/apb_splitter.v:69$616'.
No latch inferred for signal `$paramod$62baa0f67ac0adab734db730771cfcbaa30a24e3\apb_splitter.\prdata_mux[0]' from process `$paramod$62baa0f67ac0adab734db730771cfcbaa30a24e3\apb_splitter.$proc$/home/auc/si-sprint26-project-nanonpu/Backend/openlane/RTL/apb_splitter.v:69$615'.
No latch inferred for signal `$paramod$62baa0f67ac0adab734db730771cfcbaa30a24e3\apb_splitter.$mem2reg_rd$\prdata_mux$/home/auc/si-sprint26-project-nanonpu/Backend/openlane/RTL/apb_splitter.v:73$580_DATA' from process `$paramod$62baa0f67ac0adab734db730771cfcbaa30a24e3\apb_splitter.$proc$/home/auc/si-sprint26-project-nanonpu/Backend/openlane/RTL/apb_splitter.v:73$612'.
No latch inferred for signal `$paramod$098a683fa511ae696e81c1f6010f579b9f737c74\CU.\next_relu_phase' from process `$paramod$098a683fa511ae696e81c1f6010f579b9f737c74\CU.$proc$/home/auc/si-sprint26-project-nanonpu/Backend/openlane/RTL/CU.SV:451$559'.
No latch inferred for signal `$paramod$098a683fa511ae696e81c1f6010f579b9f737c74\CU.\next_req_phase' from process `$paramod$098a683fa511ae696e81c1f6010f579b9f737c74\CU.$proc$/home/auc/si-sprint26-project-nanonpu/Backend/openlane/RTL/CU.SV:422$546'.
No latch inferred for signal `$paramod$098a683fa511ae696e81c1f6010f579b9f737c74\CU.\conv_cnt_en' from process `$paramod$098a683fa511ae696e81c1f6010f579b9f737c74\CU.$proc$/home/auc/si-sprint26-project-nanonpu/Backend/openlane/RTL/CU.SV:357$528'.
No latch inferred for signal `$paramod$098a683fa511ae696e81c1f6010f579b9f737c74\CU.\conv_cnt_rst' from process `$paramod$098a683fa511ae696e81c1f6010f579b9f737c74\CU.$proc$/home/auc/si-sprint26-project-nanonpu/Backend/openlane/RTL/CU.SV:357$528'.
No latch inferred for signal `$paramod$098a683fa511ae696e81c1f6010f579b9f737c74\CU.\next_conv_phase' from process `$paramod$098a683fa511ae696e81c1f6010f579b9f737c74\CU.$proc$/home/auc/si-sprint26-project-nanonpu/Backend/openlane/RTL/CU.SV:357$528'.
No latch inferred for signal `$paramod$098a683fa511ae696e81c1f6010f579b9f737c74\CU.\bb_wr_en' from process `$paramod$098a683fa511ae696e81c1f6010f579b9f737c74\CU.$proc$/home/auc/si-sprint26-project-nanonpu/Backend/openlane/RTL/CU.SV:335$516'.
No latch inferred for signal `$paramod$098a683fa511ae696e81c1f6010f579b9f737c74\CU.\bb_wr_addr' from process `$paramod$098a683fa511ae696e81c1f6010f579b9f737c74\CU.$proc$/home/auc/si-sprint26-project-nanonpu/Backend/openlane/RTL/CU.SV:335$516'.
No latch inferred for signal `$paramod$098a683fa511ae696e81c1f6010f579b9f737c74\CU.\wgt_wr_en' from process `$paramod$098a683fa511ae696e81c1f6010f579b9f737c74\CU.$proc$/home/auc/si-sprint26-project-nanonpu/Backend/openlane/RTL/CU.SV:321$512'.
No latch inferred for signal `$paramod$098a683fa511ae696e81c1f6010f579b9f737c74\CU.\wgt_wr_byte_addr' from process `$paramod$098a683fa511ae696e81c1f6010f579b9f737c74\CU.$proc$/home/auc/si-sprint26-project-nanonpu/Backend/openlane/RTL/CU.SV:321$512'.
No latch inferred for signal `$paramod$098a683fa511ae696e81c1f6010f579b9f737c74\CU.\wgt_wr_data' from process `$paramod$098a683fa511ae696e81c1f6010f579b9f737c74\CU.$proc$/home/auc/si-sprint26-project-nanonpu/Backend/openlane/RTL/CU.SV:321$512'.
No latch inferred for signal `$paramod$098a683fa511ae696e81c1f6010f579b9f737c74\CU.\wgt_swap' from process `$paramod$098a683fa511ae696e81c1f6010f579b9f737c74\CU.$proc$/home/auc/si-sprint26-project-nanonpu/Backend/openlane/RTL/CU.SV:321$512'.
No latch inferred for signal `$paramod$098a683fa511ae696e81c1f6010f579b9f737c74\CU.\act_wr_en' from process `$paramod$098a683fa511ae696e81c1f6010f579b9f737c74\CU.$proc$/home/auc/si-sprint26-project-nanonpu/Backend/openlane/RTL/CU.SV:307$508'.
No latch inferred for signal `$paramod$098a683fa511ae696e81c1f6010f579b9f737c74\CU.\act_wr_byte_addr' from process `$paramod$098a683fa511ae696e81c1f6010f579b9f737c74\CU.$proc$/home/auc/si-sprint26-project-nanonpu/Backend/openlane/RTL/CU.SV:307$508'.
No latch inferred for signal `$paramod$098a683fa511ae696e81c1f6010f579b9f737c74\CU.\act_wr_data' from process `$paramod$098a683fa511ae696e81c1f6010f579b9f737c74\CU.$proc$/home/auc/si-sprint26-project-nanonpu/Backend/openlane/RTL/CU.SV:307$508'.
No latch inferred for signal `$paramod$098a683fa511ae696e81c1f6010f579b9f737c74\CU.\act_swap' from process `$paramod$098a683fa511ae696e81c1f6010f579b9f737c74\CU.$proc$/home/auc/si-sprint26-project-nanonpu/Backend/openlane/RTL/CU.SV:307$508'.
No latch inferred for signal `$paramod$098a683fa511ae696e81c1f6010f579b9f737c74\CU.\sram_en1' from process `$paramod$098a683fa511ae696e81c1f6010f579b9f737c74\CU.$proc$/home/auc/si-sprint26-project-nanonpu/Backend/openlane/RTL/CU.SV:289$497'.
No latch inferred for signal `$paramod$098a683fa511ae696e81c1f6010f579b9f737c74\CU.\sram_a1' from process `$paramod$098a683fa511ae696e81c1f6010f579b9f737c74\CU.$proc$/home/auc/si-sprint26-project-nanonpu/Backend/openlane/RTL/CU.SV:289$497'.
No latch inferred for signal `$paramod$098a683fa511ae696e81c1f6010f579b9f737c74\CU.\sram_en0' from process `$paramod$098a683fa511ae696e81c1f6010f579b9f737c74\CU.$proc$/home/auc/si-sprint26-project-nanonpu/Backend/openlane/RTL/CU.SV:280$492'.
No latch inferred for signal `$paramod$098a683fa511ae696e81c1f6010f579b9f737c74\CU.\sram_a0' from process `$paramod$098a683fa511ae696e81c1f6010f579b9f737c74\CU.$proc$/home/auc/si-sprint26-project-nanonpu/Backend/openlane/RTL/CU.SV:280$492'.
No latch inferred for signal `$paramod$098a683fa511ae696e81c1f6010f579b9f737c74\CU.\select_apb_npu_addr' from process `$paramod$098a683fa511ae696e81c1f6010f579b9f737c74\CU.$proc$/home/auc/si-sprint26-project-nanonpu/Backend/openlane/RTL/CU.SV:230$463'.
No latch inferred for signal `$paramod$098a683fa511ae696e81c1f6010f579b9f737c74\CU.\next_state' from process `$paramod$098a683fa511ae696e81c1f6010f579b9f737c74\CU.$proc$/home/auc/si-sprint26-project-nanonpu/Backend/openlane/RTL/CU.SV:188$446'.
No latch inferred for signal `$paramod$098a683fa511ae696e81c1f6010f579b9f737c74\CU.\unit_done' from process `$paramod$098a683fa511ae696e81c1f6010f579b9f737c74\CU.$proc$/home/auc/si-sprint26-project-nanonpu/Backend/openlane/RTL/CU.SV:169$442'.
No latch inferred for signal `$paramod$098a683fa511ae696e81c1f6010f579b9f737c74\CU.\buf_sel' from process `$paramod$098a683fa511ae696e81c1f6010f579b9f737c74\CU.$proc$/home/auc/si-sprint26-project-nanonpu/Backend/openlane/RTL/CU.SV:151$438'.
No latch inferred for signal `$paramod$098a683fa511ae696e81c1f6010f579b9f737c74\CU.\opcode' from process `$paramod$098a683fa511ae696e81c1f6010f579b9f737c74\CU.$proc$/home/auc/si-sprint26-project-nanonpu/Backend/openlane/RTL/CU.SV:151$438'.
No latch inferred for signal `$paramod$098a683fa511ae696e81c1f6010f579b9f737c74\CU.\ext_Addr' from process `$paramod$098a683fa511ae696e81c1f6010f579b9f737c74\CU.$proc$/home/auc/si-sprint26-project-nanonpu/Backend/openlane/RTL/CU.SV:151$438'.
No latch inferred for signal `$paramod$098a683fa511ae696e81c1f6010f579b9f737c74\CU.\tile_addr_b' from process `$paramod$098a683fa511ae696e81c1f6010f579b9f737c74\CU.$proc$/home/auc/si-sprint26-project-nanonpu/Backend/openlane/RTL/CU.SV:151$438'.
No latch inferred for signal `$paramod$098a683fa511ae696e81c1f6010f579b9f737c74\CU.\tile_addr_a' from process `$paramod$098a683fa511ae696e81c1f6010f579b9f737c74\CU.$proc$/home/auc/si-sprint26-project-nanonpu/Backend/openlane/RTL/CU.SV:151$438'.
No latch inferred for signal `$paramod$098a683fa511ae696e81c1f6010f579b9f737c74\CU.\w_transpose' from process `$paramod$098a683fa511ae696e81c1f6010f579b9f737c74\CU.$proc$/home/auc/si-sprint26-project-nanonpu/Backend/openlane/RTL/CU.SV:151$438'.
No latch inferred for signal `$paramod$098a683fa511ae696e81c1f6010f579b9f737c74\CU.\n_scale_dec' from process `$paramod$098a683fa511ae696e81c1f6010f579b9f737c74\CU.$proc$/home/auc/si-sprint26-project-nanonpu/Backend/openlane/RTL/CU.SV:151$438'.
No latch inferred for signal `$paramod$098a683fa511ae696e81c1f6010f579b9f737c74\CU.\bypass_bias' from process `$paramod$098a683fa511ae696e81c1f6010f579b9f737c74\CU.$proc$/home/auc/si-sprint26-project-nanonpu/Backend/openlane/RTL/CU.SV:151$438'.
No latch inferred for signal `$paramod\mux4x1\DATA_WIDTH=s32'00000000000000000000000000000111.\y' from process `$paramod\mux4x1\DATA_WIDTH=s32'00000000000000000000000000000111.$proc$/home/auc/si-sprint26-project-nanonpu/Backend/openlane/RTL/mux4x1.sv:12$389'.
No latch inferred for signal `$paramod\mux4x1\DATA_WIDTH=s32'00000000000000000000000000000001.\y' from process `$paramod\mux4x1\DATA_WIDTH=s32'00000000000000000000000000000001.$proc$/home/auc/si-sprint26-project-nanonpu/Backend/openlane/RTL/mux4x1.sv:12$388'.
No latch inferred for signal `$paramod\mux4x1\DATA_WIDTH=s32'00000000000000000000000000000100.\y' from process `$paramod\mux4x1\DATA_WIDTH=s32'00000000000000000000000000000100.$proc$/home/auc/si-sprint26-project-nanonpu/Backend/openlane/RTL/mux4x1.sv:12$387'.
No latch inferred for signal `$paramod$b5bfee101bbd1a0750ec94dd11b53b083b11ac53\pingpong_buffer.\rd_data' from process `$paramod$b5bfee101bbd1a0750ec94dd11b53b083b11ac53\pingpong_buffer.$proc$/home/auc/si-sprint26-project-nanonpu/Backend/openlane/RTL/pingpong_buffer.sv:71$314'.
No latch inferred for signal `$paramod$b5bfee101bbd1a0750ec94dd11b53b083b11ac53\pingpong_buffer.$fordecl_block$4.c' from process `$paramod$b5bfee101bbd1a0750ec94dd11b53b083b11ac53\pingpong_buffer.$proc$/home/auc/si-sprint26-project-nanonpu/Backend/openlane/RTL/pingpong_buffer.sv:71$314'.
No latch inferred for signal `$paramod$7526e3c037e3b34486b94f2ab6dd880907d67f8c\bias_adder.\next_state' from process `$paramod$7526e3c037e3b34486b94f2ab6dd880907d67f8c\bias_adder.$proc$/home/auc/si-sprint26-project-nanonpu/Backend/openlane/RTL/bias_adder.sv:41$152'.
No latch inferred for signal `$paramod$23ee40cdab8fcbae960c9b8230b4e5787b09eed1\store_engine.\st_sram_we0' from process `$paramod$23ee40cdab8fcbae960c9b8230b4e5787b09eed1\store_engine.$proc$/home/auc/si-sprint26-project-nanonpu/Backend/openlane/RTL/store_engine.sv:106$48'.
No latch inferred for signal `$paramod$23ee40cdab8fcbae960c9b8230b4e5787b09eed1\store_engine.\st_sram_en0' from process `$paramod$23ee40cdab8fcbae960c9b8230b4e5787b09eed1\store_engine.$proc$/home/auc/si-sprint26-project-nanonpu/Backend/openlane/RTL/store_engine.sv:106$48'.
No latch inferred for signal `$paramod$23ee40cdab8fcbae960c9b8230b4e5787b09eed1\store_engine.\st_sram_a0' from process `$paramod$23ee40cdab8fcbae960c9b8230b4e5787b09eed1\store_engine.$proc$/home/auc/si-sprint26-project-nanonpu/Backend/openlane/RTL/store_engine.sv:106$48'.
No latch inferred for signal `$paramod$23ee40cdab8fcbae960c9b8230b4e5787b09eed1\store_engine.\st_sram_di0' from process `$paramod$23ee40cdab8fcbae960c9b8230b4e5787b09eed1\store_engine.$proc$/home/auc/si-sprint26-project-nanonpu/Backend/openlane/RTL/store_engine.sv:106$48'.
No latch inferred for signal `$paramod$23ee40cdab8fcbae960c9b8230b4e5787b09eed1\store_engine.\sel_row' from process `$paramod$23ee40cdab8fcbae960c9b8230b4e5787b09eed1\store_engine.$proc$/home/auc/si-sprint26-project-nanonpu/Backend/openlane/RTL/store_engine.sv:82$43'.
No latch inferred for signal `$paramod$23ee40cdab8fcbae960c9b8230b4e5787b09eed1\store_engine.\next_state' from process `$paramod$23ee40cdab8fcbae960c9b8230b4e5787b09eed1\store_engine.$proc$/home/auc/si-sprint26-project-nanonpu/Backend/openlane/RTL/store_engine.sv:54$35'.
No latch inferred for signal `$paramod$bfaafc7703597fba9ffc584116f04ed961391db7\npu_apb_decoder.\PRDATA' from process `$paramod$bfaafc7703597fba9ffc584116f04ed961391db7\npu_apb_decoder.$proc$/home/auc/si-sprint26-project-nanonpu/Backend/openlane/RTL/npu_apb_decoder.sv:157$31'.
No latch inferred for signal `$paramod$7904f5461f006b74c1565aacbf2e25bc3866f676\TRSDL.\psum[3]' from process `$paramod$7904f5461f006b74c1565aacbf2e25bc3866f676\TRSDL.$proc$/home/auc/si-sprint26-project-nanonpu/Backend/openlane/RTL/TRSDL.sv:95$659'.
No latch inferred for signal `$paramod$7904f5461f006b74c1565aacbf2e25bc3866f676\TRSDL.\psum[2]' from process `$paramod$7904f5461f006b74c1565aacbf2e25bc3866f676\TRSDL.$proc$/home/auc/si-sprint26-project-nanonpu/Backend/openlane/RTL/TRSDL.sv:95$658'.
No latch inferred for signal `$paramod$7904f5461f006b74c1565aacbf2e25bc3866f676\TRSDL.\psum[1]' from process `$paramod$7904f5461f006b74c1565aacbf2e25bc3866f676\TRSDL.$proc$/home/auc/si-sprint26-project-nanonpu/Backend/openlane/RTL/TRSDL.sv:61$657'.
No latch inferred for signal `$paramod$7904f5461f006b74c1565aacbf2e25bc3866f676\TRSDL.\psum[0]' from process `$paramod$7904f5461f006b74c1565aacbf2e25bc3866f676\TRSDL.$proc$/home/auc/si-sprint26-project-nanonpu/Backend/openlane/RTL/TRSDL.sv:60$656'.
No latch inferred for signal `$paramod$6b941633086a97e7ea4d5f367abe4ac9010a0379\SA_NxN.\weight_L_sig[18]' from process `$paramod$6b941633086a97e7ea4d5f367abe4ac9010a0379\SA_NxN.$proc$/home/auc/si-sprint26-project-nanonpu/Backend/openlane/RTL/SA_NxN.sv:110$997'.
No latch inferred for signal `$paramod$6b941633086a97e7ea4d5f367abe4ac9010a0379\SA_NxN.\weight_D_sig[15]' from process `$paramod$6b941633086a97e7ea4d5f367abe4ac9010a0379\SA_NxN.$proc$/home/auc/si-sprint26-project-nanonpu/Backend/openlane/RTL/SA_NxN.sv:109$996'.
No latch inferred for signal `$paramod$6b941633086a97e7ea4d5f367abe4ac9010a0379\SA_NxN.\psum_sig[19]' from process `$paramod$6b941633086a97e7ea4d5f367abe4ac9010a0379\SA_NxN.$proc$/home/auc/si-sprint26-project-nanonpu/Backend/openlane/RTL/SA_NxN.sv:108$995'.
No latch inferred for signal `$paramod$6b941633086a97e7ea4d5f367abe4ac9010a0379\SA_NxN.\act_sig[19]' from process `$paramod$6b941633086a97e7ea4d5f367abe4ac9010a0379\SA_NxN.$proc$/home/auc/si-sprint26-project-nanonpu/Backend/openlane/RTL/SA_NxN.sv:107$994'.
No latch inferred for signal `$paramod$6b941633086a97e7ea4d5f367abe4ac9010a0379\SA_NxN.\weight_L_sig[17]' from process `$paramod$6b941633086a97e7ea4d5f367abe4ac9010a0379\SA_NxN.$proc$/home/auc/si-sprint26-project-nanonpu/Backend/openlane/RTL/SA_NxN.sv:110$993'.
No latch inferred for signal `$paramod$6b941633086a97e7ea4d5f367abe4ac9010a0379\SA_NxN.\weight_D_sig[14]' from process `$paramod$6b941633086a97e7ea4d5f367abe4ac9010a0379\SA_NxN.$proc$/home/auc/si-sprint26-project-nanonpu/Backend/openlane/RTL/SA_NxN.sv:109$992'.
No latch inferred for signal `$paramod$6b941633086a97e7ea4d5f367abe4ac9010a0379\SA_NxN.\psum_sig[18]' from process `$paramod$6b941633086a97e7ea4d5f367abe4ac9010a0379\SA_NxN.$proc$/home/auc/si-sprint26-project-nanonpu/Backend/openlane/RTL/SA_NxN.sv:108$991'.
No latch inferred for signal `$paramod$6b941633086a97e7ea4d5f367abe4ac9010a0379\SA_NxN.\act_sig[18]' from process `$paramod$6b941633086a97e7ea4d5f367abe4ac9010a0379\SA_NxN.$proc$/home/auc/si-sprint26-project-nanonpu/Backend/openlane/RTL/SA_NxN.sv:107$990'.
No latch inferred for signal `$paramod$6b941633086a97e7ea4d5f367abe4ac9010a0379\SA_NxN.\weight_L_sig[16]' from process `$paramod$6b941633086a97e7ea4d5f367abe4ac9010a0379\SA_NxN.$proc$/home/auc/si-sprint26-project-nanonpu/Backend/openlane/RTL/SA_NxN.sv:110$989'.
No latch inferred for signal `$paramod$6b941633086a97e7ea4d5f367abe4ac9010a0379\SA_NxN.\weight_D_sig[13]' from process `$paramod$6b941633086a97e7ea4d5f367abe4ac9010a0379\SA_NxN.$proc$/home/auc/si-sprint26-project-nanonpu/Backend/openlane/RTL/SA_NxN.sv:109$988'.
No latch inferred for signal `$paramod$6b941633086a97e7ea4d5f367abe4ac9010a0379\SA_NxN.\psum_sig[17]' from process `$paramod$6b941633086a97e7ea4d5f367abe4ac9010a0379\SA_NxN.$proc$/home/auc/si-sprint26-project-nanonpu/Backend/openlane/RTL/SA_NxN.sv:108$987'.
No latch inferred for signal `$paramod$6b941633086a97e7ea4d5f367abe4ac9010a0379\SA_NxN.\act_sig[17]' from process `$paramod$6b941633086a97e7ea4d5f367abe4ac9010a0379\SA_NxN.$proc$/home/auc/si-sprint26-project-nanonpu/Backend/openlane/RTL/SA_NxN.sv:107$986'.
No latch inferred for signal `$paramod$6b941633086a97e7ea4d5f367abe4ac9010a0379\SA_NxN.\weight_L_sig[15]' from process `$paramod$6b941633086a97e7ea4d5f367abe4ac9010a0379\SA_NxN.$proc$/home/auc/si-sprint26-project-nanonpu/Backend/openlane/RTL/SA_NxN.sv:110$985'.
No latch inferred for signal `$paramod$6b941633086a97e7ea4d5f367abe4ac9010a0379\SA_NxN.\weight_D_sig[12]' from process `$paramod$6b941633086a97e7ea4d5f367abe4ac9010a0379\SA_NxN.$proc$/home/auc/si-sprint26-project-nanonpu/Backend/openlane/RTL/SA_NxN.sv:109$984'.
No latch inferred for signal `$paramod$6b941633086a97e7ea4d5f367abe4ac9010a0379\SA_NxN.\psum_sig[16]' from process `$paramod$6b941633086a97e7ea4d5f367abe4ac9010a0379\SA_NxN.$proc$/home/auc/si-sprint26-project-nanonpu/Backend/openlane/RTL/SA_NxN.sv:108$983'.
No latch inferred for signal `$paramod$6b941633086a97e7ea4d5f367abe4ac9010a0379\SA_NxN.\act_sig[16]' from process `$paramod$6b941633086a97e7ea4d5f367abe4ac9010a0379\SA_NxN.$proc$/home/auc/si-sprint26-project-nanonpu/Backend/openlane/RTL/SA_NxN.sv:107$982'.
No latch inferred for signal `$paramod$6b941633086a97e7ea4d5f367abe4ac9010a0379\SA_NxN.\weight_L_sig[13]' from process `$paramod$6b941633086a97e7ea4d5f367abe4ac9010a0379\SA_NxN.$proc$/home/auc/si-sprint26-project-nanonpu/Backend/openlane/RTL/SA_NxN.sv:110$981'.
No latch inferred for signal `$paramod$6b941633086a97e7ea4d5f367abe4ac9010a0379\SA_NxN.\weight_D_sig[11]' from process `$paramod$6b941633086a97e7ea4d5f367abe4ac9010a0379\SA_NxN.$proc$/home/auc/si-sprint26-project-nanonpu/Backend/openlane/RTL/SA_NxN.sv:109$980'.
No latch inferred for signal `$paramod$6b941633086a97e7ea4d5f367abe4ac9010a0379\SA_NxN.\psum_sig[15]' from process `$paramod$6b941633086a97e7ea4d5f367abe4ac9010a0379\SA_NxN.$proc$/home/auc/si-sprint26-project-nanonpu/Backend/openlane/RTL/SA_NxN.sv:108$979'.
No latch inferred for signal `$paramod$6b941633086a97e7ea4d5f367abe4ac9010a0379\SA_NxN.\act_sig[14]' from process `$paramod$6b941633086a97e7ea4d5f367abe4ac9010a0379\SA_NxN.$proc$/home/auc/si-sprint26-project-nanonpu/Backend/openlane/RTL/SA_NxN.sv:107$978'.
No latch inferred for signal `$paramod$6b941633086a97e7ea4d5f367abe4ac9010a0379\SA_NxN.\weight_L_sig[12]' from process `$paramod$6b941633086a97e7ea4d5f367abe4ac9010a0379\SA_NxN.$proc$/home/auc/si-sprint26-project-nanonpu/Backend/openlane/RTL/SA_NxN.sv:110$977'.
No latch inferred for signal `$paramod$6b941633086a97e7ea4d5f367abe4ac9010a0379\SA_NxN.\weight_D_sig[10]' from process `$paramod$6b941633086a97e7ea4d5f367abe4ac9010a0379\SA_NxN.$proc$/home/auc/si-sprint26-project-nanonpu/Backend/openlane/RTL/SA_NxN.sv:109$976'.
No latch inferred for signal `$paramod$6b941633086a97e7ea4d5f367abe4ac9010a0379\SA_NxN.\psum_sig[14]' from process `$paramod$6b941633086a97e7ea4d5f367abe4ac9010a0379\SA_NxN.$proc$/home/auc/si-sprint26-project-nanonpu/Backend/openlane/RTL/SA_NxN.sv:108$975'.
No latch inferred for signal `$paramod$6b941633086a97e7ea4d5f367abe4ac9010a0379\SA_NxN.\act_sig[13]' from process `$paramod$6b941633086a97e7ea4d5f367abe4ac9010a0379\SA_NxN.$proc$/home/auc/si-sprint26-project-nanonpu/Backend/openlane/RTL/SA_NxN.sv:107$974'.
No latch inferred for signal `$paramod$6b941633086a97e7ea4d5f367abe4ac9010a0379\SA_NxN.\weight_L_sig[11]' from process `$paramod$6b941633086a97e7ea4d5f367abe4ac9010a0379\SA_NxN.$proc$/home/auc/si-sprint26-project-nanonpu/Backend/openlane/RTL/SA_NxN.sv:110$973'.
No latch inferred for signal `$paramod$6b941633086a97e7ea4d5f367abe4ac9010a0379\SA_NxN.\weight_D_sig[9]' from process `$paramod$6b941633086a97e7ea4d5f367abe4ac9010a0379\SA_NxN.$proc$/home/auc/si-sprint26-project-nanonpu/Backend/openlane/RTL/SA_NxN.sv:109$972'.
No latch inferred for signal `$paramod$6b941633086a97e7ea4d5f367abe4ac9010a0379\SA_NxN.\psum_sig[13]' from process `$paramod$6b941633086a97e7ea4d5f367abe4ac9010a0379\SA_NxN.$proc$/home/auc/si-sprint26-project-nanonpu/Backend/openlane/RTL/SA_NxN.sv:108$971'.
No latch inferred for signal `$paramod$6b941633086a97e7ea4d5f367abe4ac9010a0379\SA_NxN.\act_sig[12]' from process `$paramod$6b941633086a97e7ea4d5f367abe4ac9010a0379\SA_NxN.$proc$/home/auc/si-sprint26-project-nanonpu/Backend/openlane/RTL/SA_NxN.sv:107$970'.
No latch inferred for signal `$paramod$6b941633086a97e7ea4d5f367abe4ac9010a0379\SA_NxN.\weight_L_sig[10]' from process `$paramod$6b941633086a97e7ea4d5f367abe4ac9010a0379\SA_NxN.$proc$/home/auc/si-sprint26-project-nanonpu/Backend/openlane/RTL/SA_NxN.sv:110$969'.
No latch inferred for signal `$paramod$6b941633086a97e7ea4d5f367abe4ac9010a0379\SA_NxN.\weight_D_sig[8]' from process `$paramod$6b941633086a97e7ea4d5f367abe4ac9010a0379\SA_NxN.$proc$/home/auc/si-sprint26-project-nanonpu/Backend/openlane/RTL/SA_NxN.sv:109$968'.
No latch inferred for signal `$paramod$6b941633086a97e7ea4d5f367abe4ac9010a0379\SA_NxN.\psum_sig[12]' from process `$paramod$6b941633086a97e7ea4d5f367abe4ac9010a0379\SA_NxN.$proc$/home/auc/si-sprint26-project-nanonpu/Backend/openlane/RTL/SA_NxN.sv:108$967'.
No latch inferred for signal `$paramod$6b941633086a97e7ea4d5f367abe4ac9010a0379\SA_NxN.\act_sig[11]' from process `$paramod$6b941633086a97e7ea4d5f367abe4ac9010a0379\SA_NxN.$proc$/home/auc/si-sprint26-project-nanonpu/Backend/openlane/RTL/SA_NxN.sv:107$966'.
No latch inferred for signal `$paramod$6b941633086a97e7ea4d5f367abe4ac9010a0379\SA_NxN.\weight_L_sig[8]' from process `$paramod$6b941633086a97e7ea4d5f367abe4ac9010a0379\SA_NxN.$proc$/home/auc/si-sprint26-project-nanonpu/Backend/openlane/RTL/SA_NxN.sv:110$965'.
No latch inferred for signal `$paramod$6b941633086a97e7ea4d5f367abe4ac9010a0379\SA_NxN.\weight_D_sig[7]' from process `$paramod$6b941633086a97e7ea4d5f367abe4ac9010a0379\SA_NxN.$proc$/home/auc/si-sprint26-project-nanonpu/Backend/openlane/RTL/SA_NxN.sv:109$964'.
No latch inferred for signal `$paramod$6b941633086a97e7ea4d5f367abe4ac9010a0379\SA_NxN.\psum_sig[11]' from process `$paramod$6b941633086a97e7ea4d5f367abe4ac9010a0379\SA_NxN.$proc$/home/auc/si-sprint26-project-nanonpu/Backend/openlane/RTL/SA_NxN.sv:108$963'.
No latch inferred for signal `$paramod$6b941633086a97e7ea4d5f367abe4ac9010a0379\SA_NxN.\act_sig[9]' from process `$paramod$6b941633086a97e7ea4d5f367abe4ac9010a0379\SA_NxN.$proc$/home/auc/si-sprint26-project-nanonpu/Backend/openlane/RTL/SA_NxN.sv:107$962'.
No latch inferred for signal `$paramod$6b941633086a97e7ea4d5f367abe4ac9010a0379\SA_NxN.\weight_L_sig[7]' from process `$paramod$6b941633086a97e7ea4d5f367abe4ac9010a0379\SA_NxN.$proc$/home/auc/si-sprint26-project-nanonpu/Backend/openlane/RTL/SA_NxN.sv:110$961'.
No latch inferred for signal `$paramod$6b941633086a97e7ea4d5f367abe4ac9010a0379\SA_NxN.\weight_D_sig[6]' from process `$paramod$6b941633086a97e7ea4d5f367abe4ac9010a0379\SA_NxN.$proc$/home/auc/si-sprint26-project-nanonpu/Backend/openlane/RTL/SA_NxN.sv:109$960'.
No latch inferred for signal `$paramod$6b941633086a97e7ea4d5f367abe4ac9010a0379\SA_NxN.\psum_sig[10]' from process `$paramod$6b941633086a97e7ea4d5f367abe4ac9010a0379\SA_NxN.$proc$/home/auc/si-sprint26-project-nanonpu/Backend/openlane/RTL/SA_NxN.sv:108$959'.
No latch inferred for signal `$paramod$6b941633086a97e7ea4d5f367abe4ac9010a0379\SA_NxN.\act_sig[8]' from process `$paramod$6b941633086a97e7ea4d5f367abe4ac9010a0379\SA_NxN.$proc$/home/auc/si-sprint26-project-nanonpu/Backend/openlane/RTL/SA_NxN.sv:107$958'.
No latch inferred for signal `$paramod$6b941633086a97e7ea4d5f367abe4ac9010a0379\SA_NxN.\weight_L_sig[6]' from process `$paramod$6b941633086a97e7ea4d5f367abe4ac9010a0379\SA_NxN.$proc$/home/auc/si-sprint26-project-nanonpu/Backend/openlane/RTL/SA_NxN.sv:110$957'.
No latch inferred for signal `$paramod$6b941633086a97e7ea4d5f367abe4ac9010a0379\SA_NxN.\weight_D_sig[5]' from process `$paramod$6b941633086a97e7ea4d5f367abe4ac9010a0379\SA_NxN.$proc$/home/auc/si-sprint26-project-nanonpu/Backend/openlane/RTL/SA_NxN.sv:109$956'.
No latch inferred for signal `$paramod$6b941633086a97e7ea4d5f367abe4ac9010a0379\SA_NxN.\psum_sig[9]' from process `$paramod$6b941633086a97e7ea4d5f367abe4ac9010a0379\SA_NxN.$proc$/home/auc/si-sprint26-project-nanonpu/Backend/openlane/RTL/SA_NxN.sv:108$955'.
No latch inferred for signal `$paramod$6b941633086a97e7ea4d5f367abe4ac9010a0379\SA_NxN.\act_sig[7]' from process `$paramod$6b941633086a97e7ea4d5f367abe4ac9010a0379\SA_NxN.$proc$/home/auc/si-sprint26-project-nanonpu/Backend/openlane/RTL/SA_NxN.sv:107$954'.
No latch inferred for signal `$paramod$6b941633086a97e7ea4d5f367abe4ac9010a0379\SA_NxN.\weight_L_sig[5]' from process `$paramod$6b941633086a97e7ea4d5f367abe4ac9010a0379\SA_NxN.$proc$/home/auc/si-sprint26-project-nanonpu/Backend/openlane/RTL/SA_NxN.sv:110$953'.
No latch inferred for signal `$paramod$6b941633086a97e7ea4d5f367abe4ac9010a0379\SA_NxN.\weight_D_sig[4]' from process `$paramod$6b941633086a97e7ea4d5f367abe4ac9010a0379\SA_NxN.$proc$/home/auc/si-sprint26-project-nanonpu/Backend/openlane/RTL/SA_NxN.sv:109$952'.
No latch inferred for signal `$paramod$6b941633086a97e7ea4d5f367abe4ac9010a0379\SA_NxN.\psum_sig[8]' from process `$paramod$6b941633086a97e7ea4d5f367abe4ac9010a0379\SA_NxN.$proc$/home/auc/si-sprint26-project-nanonpu/Backend/openlane/RTL/SA_NxN.sv:108$951'.
No latch inferred for signal `$paramod$6b941633086a97e7ea4d5f367abe4ac9010a0379\SA_NxN.\act_sig[6]' from process `$paramod$6b941633086a97e7ea4d5f367abe4ac9010a0379\SA_NxN.$proc$/home/auc/si-sprint26-project-nanonpu/Backend/openlane/RTL/SA_NxN.sv:107$950'.
No latch inferred for signal `$paramod$6b941633086a97e7ea4d5f367abe4ac9010a0379\SA_NxN.\weight_L_sig[3]' from process `$paramod$6b941633086a97e7ea4d5f367abe4ac9010a0379\SA_NxN.$proc$/home/auc/si-sprint26-project-nanonpu/Backend/openlane/RTL/SA_NxN.sv:110$949'.
No latch inferred for signal `$paramod$6b941633086a97e7ea4d5f367abe4ac9010a0379\SA_NxN.\weight_D_sig[3]' from process `$paramod$6b941633086a97e7ea4d5f367abe4ac9010a0379\SA_NxN.$proc$/home/auc/si-sprint26-project-nanonpu/Backend/openlane/RTL/SA_NxN.sv:109$948'.
No latch inferred for signal `$paramod$6b941633086a97e7ea4d5f367abe4ac9010a0379\SA_NxN.\psum_sig[7]' from process `$paramod$6b941633086a97e7ea4d5f367abe4ac9010a0379\SA_NxN.$proc$/home/auc/si-sprint26-project-nanonpu/Backend/openlane/RTL/SA_NxN.sv:108$947'.
No latch inferred for signal `$paramod$6b941633086a97e7ea4d5f367abe4ac9010a0379\SA_NxN.\act_sig[4]' from process `$paramod$6b941633086a97e7ea4d5f367abe4ac9010a0379\SA_NxN.$proc$/home/auc/si-sprint26-project-nanonpu/Backend/openlane/RTL/SA_NxN.sv:107$946'.
No latch inferred for signal `$paramod$6b941633086a97e7ea4d5f367abe4ac9010a0379\SA_NxN.\weight_L_sig[2]' from process `$paramod$6b941633086a97e7ea4d5f367abe4ac9010a0379\SA_NxN.$proc$/home/auc/si-sprint26-project-nanonpu/Backend/openlane/RTL/SA_NxN.sv:110$945'.
No latch inferred for signal `$paramod$6b941633086a97e7ea4d5f367abe4ac9010a0379\SA_NxN.\weight_D_sig[2]' from process `$paramod$6b941633086a97e7ea4d5f367abe4ac9010a0379\SA_NxN.$proc$/home/auc/si-sprint26-project-nanonpu/Backend/openlane/RTL/SA_NxN.sv:109$944'.
No latch inferred for signal `$paramod$6b941633086a97e7ea4d5f367abe4ac9010a0379\SA_NxN.\psum_sig[6]' from process `$paramod$6b941633086a97e7ea4d5f367abe4ac9010a0379\SA_NxN.$proc$/home/auc/si-sprint26-project-nanonpu/Backend/openlane/RTL/SA_NxN.sv:108$943'.
No latch inferred for signal `$paramod$6b941633086a97e7ea4d5f367abe4ac9010a0379\SA_NxN.\act_sig[3]' from process `$paramod$6b941633086a97e7ea4d5f367abe4ac9010a0379\SA_NxN.$proc$/home/auc/si-sprint26-project-nanonpu/Backend/openlane/RTL/SA_NxN.sv:107$942'.
No latch inferred for signal `$paramod$6b941633086a97e7ea4d5f367abe4ac9010a0379\SA_NxN.\weight_L_sig[1]' from process `$paramod$6b941633086a97e7ea4d5f367abe4ac9010a0379\SA_NxN.$proc$/home/auc/si-sprint26-project-nanonpu/Backend/openlane/RTL/SA_NxN.sv:110$941'.
No latch inferred for signal `$paramod$6b941633086a97e7ea4d5f367abe4ac9010a0379\SA_NxN.\weight_D_sig[1]' from process `$paramod$6b941633086a97e7ea4d5f367abe4ac9010a0379\SA_NxN.$proc$/home/auc/si-sprint26-project-nanonpu/Backend/openlane/RTL/SA_NxN.sv:109$940'.
No latch inferred for signal `$paramod$6b941633086a97e7ea4d5f367abe4ac9010a0379\SA_NxN.\psum_sig[5]' from process `$paramod$6b941633086a97e7ea4d5f367abe4ac9010a0379\SA_NxN.$proc$/home/auc/si-sprint26-project-nanonpu/Backend/openlane/RTL/SA_NxN.sv:108$939'.
No latch inferred for signal `$paramod$6b941633086a97e7ea4d5f367abe4ac9010a0379\SA_NxN.\act_sig[2]' from process `$paramod$6b941633086a97e7ea4d5f367abe4ac9010a0379\SA_NxN.$proc$/home/auc/si-sprint26-project-nanonpu/Backend/openlane/RTL/SA_NxN.sv:107$938'.
No latch inferred for signal `$paramod$6b941633086a97e7ea4d5f367abe4ac9010a0379\SA_NxN.\weight_L_sig[0]' from process `$paramod$6b941633086a97e7ea4d5f367abe4ac9010a0379\SA_NxN.$proc$/home/auc/si-sprint26-project-nanonpu/Backend/openlane/RTL/SA_NxN.sv:110$937'.
No latch inferred for signal `$paramod$6b941633086a97e7ea4d5f367abe4ac9010a0379\SA_NxN.\weight_D_sig[0]' from process `$paramod$6b941633086a97e7ea4d5f367abe4ac9010a0379\SA_NxN.$proc$/home/auc/si-sprint26-project-nanonpu/Backend/openlane/RTL/SA_NxN.sv:109$936'.
No latch inferred for signal `$paramod$6b941633086a97e7ea4d5f367abe4ac9010a0379\SA_NxN.\psum_sig[4]' from process `$paramod$6b941633086a97e7ea4d5f367abe4ac9010a0379\SA_NxN.$proc$/home/auc/si-sprint26-project-nanonpu/Backend/openlane/RTL/SA_NxN.sv:108$935'.
No latch inferred for signal `$paramod$6b941633086a97e7ea4d5f367abe4ac9010a0379\SA_NxN.\act_sig[1]' from process `$paramod$6b941633086a97e7ea4d5f367abe4ac9010a0379\SA_NxN.$proc$/home/auc/si-sprint26-project-nanonpu/Backend/openlane/RTL/SA_NxN.sv:107$934'.
No latch inferred for signal `$paramod$6b941633086a97e7ea4d5f367abe4ac9010a0379\SA_NxN.\weight_L_sig[19]' from process `$paramod$6b941633086a97e7ea4d5f367abe4ac9010a0379\SA_NxN.$proc$/home/auc/si-sprint26-project-nanonpu/Backend/openlane/RTL/SA_NxN.sv:83$933'.
No latch inferred for signal `$paramod$6b941633086a97e7ea4d5f367abe4ac9010a0379\SA_NxN.\weight_D_sig[19]' from process `$paramod$6b941633086a97e7ea4d5f367abe4ac9010a0379\SA_NxN.$proc$/home/auc/si-sprint26-project-nanonpu/Backend/openlane/RTL/SA_NxN.sv:82$932'.
No latch inferred for signal `$paramod$6b941633086a97e7ea4d5f367abe4ac9010a0379\SA_NxN.\psum_sig[3]' from process `$paramod$6b941633086a97e7ea4d5f367abe4ac9010a0379\SA_NxN.$proc$/home/auc/si-sprint26-project-nanonpu/Backend/openlane/RTL/SA_NxN.sv:81$931'.
No latch inferred for signal `$paramod$6b941633086a97e7ea4d5f367abe4ac9010a0379\SA_NxN.\act_sig[15]' from process `$paramod$6b941633086a97e7ea4d5f367abe4ac9010a0379\SA_NxN.$proc$/home/auc/si-sprint26-project-nanonpu/Backend/openlane/RTL/SA_NxN.sv:80$930'.
No latch inferred for signal `$paramod$6b941633086a97e7ea4d5f367abe4ac9010a0379\SA_NxN.\weight_L_sig[14]' from process `$paramod$6b941633086a97e7ea4d5f367abe4ac9010a0379\SA_NxN.$proc$/home/auc/si-sprint26-project-nanonpu/Backend/openlane/RTL/SA_NxN.sv:83$929'.
No latch inferred for signal `$paramod$6b941633086a97e7ea4d5f367abe4ac9010a0379\SA_NxN.\weight_D_sig[18]' from process `$paramod$6b941633086a97e7ea4d5f367abe4ac9010a0379\SA_NxN.$proc$/home/auc/si-sprint26-project-nanonpu/Backend/openlane/RTL/SA_NxN.sv:82$928'.
No latch inferred for signal `$paramod$6b941633086a97e7ea4d5f367abe4ac9010a0379\SA_NxN.\psum_sig[2]' from process `$paramod$6b941633086a97e7ea4d5f367abe4ac9010a0379\SA_NxN.$proc$/home/auc/si-sprint26-project-nanonpu/Backend/openlane/RTL/SA_NxN.sv:81$927'.
No latch inferred for signal `$paramod$6b941633086a97e7ea4d5f367abe4ac9010a0379\SA_NxN.\act_sig[10]' from process `$paramod$6b941633086a97e7ea4d5f367abe4ac9010a0379\SA_NxN.$proc$/home/auc/si-sprint26-project-nanonpu/Backend/openlane/RTL/SA_NxN.sv:80$926'.
No latch inferred for signal `$paramod$6b941633086a97e7ea4d5f367abe4ac9010a0379\SA_NxN.\weight_L_sig[9]' from process `$paramod$6b941633086a97e7ea4d5f367abe4ac9010a0379\SA_NxN.$proc$/home/auc/si-sprint26-project-nanonpu/Backend/openlane/RTL/SA_NxN.sv:83$925'.
No latch inferred for signal `$paramod$6b941633086a97e7ea4d5f367abe4ac9010a0379\SA_NxN.\weight_D_sig[17]' from process `$paramod$6b941633086a97e7ea4d5f367abe4ac9010a0379\SA_NxN.$proc$/home/auc/si-sprint26-project-nanonpu/Backend/openlane/RTL/SA_NxN.sv:82$924'.
No latch inferred for signal `$paramod$6b941633086a97e7ea4d5f367abe4ac9010a0379\SA_NxN.\psum_sig[1]' from process `$paramod$6b941633086a97e7ea4d5f367abe4ac9010a0379\SA_NxN.$proc$/home/auc/si-sprint26-project-nanonpu/Backend/openlane/RTL/SA_NxN.sv:81$923'.
No latch inferred for signal `$paramod$6b941633086a97e7ea4d5f367abe4ac9010a0379\SA_NxN.\act_sig[5]' from process `$paramod$6b941633086a97e7ea4d5f367abe4ac9010a0379\SA_NxN.$proc$/home/auc/si-sprint26-project-nanonpu/Backend/openlane/RTL/SA_NxN.sv:80$922'.
No latch inferred for signal `$paramod$6b941633086a97e7ea4d5f367abe4ac9010a0379\SA_NxN.\weight_L_sig[4]' from process `$paramod$6b941633086a97e7ea4d5f367abe4ac9010a0379\SA_NxN.$proc$/home/auc/si-sprint26-project-nanonpu/Backend/openlane/RTL/SA_NxN.sv:83$921'.
No latch inferred for signal `$paramod$6b941633086a97e7ea4d5f367abe4ac9010a0379\SA_NxN.\weight_D_sig[16]' from process `$paramod$6b941633086a97e7ea4d5f367abe4ac9010a0379\SA_NxN.$proc$/home/auc/si-sprint26-project-nanonpu/Backend/openlane/RTL/SA_NxN.sv:82$920'.
No latch inferred for signal `$paramod$6b941633086a97e7ea4d5f367abe4ac9010a0379\SA_NxN.\psum_sig[0]' from process `$paramod$6b941633086a97e7ea4d5f367abe4ac9010a0379\SA_NxN.$proc$/home/auc/si-sprint26-project-nanonpu/Backend/openlane/RTL/SA_NxN.sv:81$919'.
No latch inferred for signal `$paramod$6b941633086a97e7ea4d5f367abe4ac9010a0379\SA_NxN.\act_sig[0]' from process `$paramod$6b941633086a97e7ea4d5f367abe4ac9010a0379\SA_NxN.$proc$/home/auc/si-sprint26-project-nanonpu/Backend/openlane/RTL/SA_NxN.sv:80$918'.
No latch inferred for signal `$paramod\SA_CU\N_SIZE=s32'00000000000000000000000000000100.\next_state' from process `$paramod\SA_CU\N_SIZE=s32'00000000000000000000000000000100.$proc$/home/auc/si-sprint26-project-nanonpu/Backend/openlane/RTL/SA_CU.sv:91$697'.
No latch inferred for signal `$paramod\SA_CU\N_SIZE=s32'00000000000000000000000000000100.\cnt_en' from process `$paramod\SA_CU\N_SIZE=s32'00000000000000000000000000000100.$proc$/home/auc/si-sprint26-project-nanonpu/Backend/openlane/RTL/SA_CU.sv:91$697'.
No latch inferred for signal `$paramod\SA_CU\N_SIZE=s32'00000000000000000000000000000100.\cnt_rst' from process `$paramod\SA_CU\N_SIZE=s32'00000000000000000000000000000100.$proc$/home/auc/si-sprint26-project-nanonpu/Backend/openlane/RTL/SA_CU.sv:91$697'.
No latch inferred for signal `$paramod$4babacc897c0aafbb5e9bb1dd5d65a330d6a81a7\TRSRL.\act[3]' from process `$paramod$4babacc897c0aafbb5e9bb1dd5d65a330d6a81a7\TRSRL.$proc$/home/auc/si-sprint26-project-nanonpu/Backend/openlane/RTL/TRSRL.sv:96$691'.
No latch inferred for signal `$paramod$4babacc897c0aafbb5e9bb1dd5d65a330d6a81a7\TRSRL.\act[2]' from process `$paramod$4babacc897c0aafbb5e9bb1dd5d65a330d6a81a7\TRSRL.$proc$/home/auc/si-sprint26-project-nanonpu/Backend/openlane/RTL/TRSRL.sv:96$690'.
No latch inferred for signal `$paramod$4babacc897c0aafbb5e9bb1dd5d65a330d6a81a7\TRSRL.\act[1]' from process `$paramod$4babacc897c0aafbb5e9bb1dd5d65a330d6a81a7\TRSRL.$proc$/home/auc/si-sprint26-project-nanonpu/Backend/openlane/RTL/TRSRL.sv:60$689'.
No latch inferred for signal `$paramod$4babacc897c0aafbb5e9bb1dd5d65a330d6a81a7\TRSRL.\act[0]' from process `$paramod$4babacc897c0aafbb5e9bb1dd5d65a330d6a81a7\TRSRL.$proc$/home/auc/si-sprint26-project-nanonpu/Backend/openlane/RTL/TRSRL.sv:59$688'.
