
===========================================================================
 report_power
============================================================================
======================= nom_ss_100C_1v60 Corner ===================================

Group                    Internal    Switching      Leakage        Total
                            Power        Power        Power        Power (Watts)
------------------------------------------------------------------------
Sequential           5.058198e-03 6.606081e-08 1.289619e-04 5.187226e-03  94.8%
Combinational        1.034169e-08 0.000000e+00 2.871208e-04 2.871312e-04   5.2%
Clock                0.000000e+00 0.000000e+00 0.000000e+00 0.000000e+00   0.0%
Macro                0.000000e+00 0.000000e+00 0.000000e+00 0.000000e+00   0.0%
Pad                  0.000000e+00 0.000000e+00 0.000000e+00 0.000000e+00   0.0%
------------------------------------------------------------------------
Total                5.058209e-03 6.606081e-08 4.160353e-04 5.474310e-03 100.0%
                            92.4%         0.0%         7.6%

