
===========================================================================
 report_power
============================================================================
======================= nom_ff_n40C_1v95 Corner ===================================

Group                    Internal    Switching      Leakage        Total
                            Power        Power        Power        Power (Watts)
------------------------------------------------------------------------
Sequential           8.563289e-03 1.006636e-07 1.735907e-07 8.563563e-03 100.0%
Combinational        1.889248e-08 1.871591e-08 9.484297e-07 9.860380e-07   0.0%
Clock                0.000000e+00 0.000000e+00 0.000000e+00 0.000000e+00   0.0%
Macro                0.000000e+00 0.000000e+00 0.000000e+00 0.000000e+00   0.0%
Pad                  0.000000e+00 0.000000e+00 0.000000e+00 0.000000e+00   0.0%
------------------------------------------------------------------------
Total                8.563309e-03 1.193795e-07 1.121676e-06 8.564549e-03 100.0%
                           100.0%         0.0%         0.0%

