
===========================================================================
 report_power
============================================================================
======================= nom_ff_n40C_1v95 Corner ===================================

Group                    Internal    Switching      Leakage        Total
                            Power        Power        Power        Power (Watts)
------------------------------------------------------------------------
Sequential           8.563289e-03 9.860644e-08 1.733682e-07 8.563561e-03 100.0%
Combinational        1.434885e-08 2.867846e-08 9.833794e-07 1.026407e-06   0.0%
Clock                0.000000e+00 0.000000e+00 0.000000e+00 0.000000e+00   0.0%
Macro                0.000000e+00 0.000000e+00 0.000000e+00 0.000000e+00   0.0%
Pad                  0.000000e+00 0.000000e+00 0.000000e+00 0.000000e+00   0.0%
------------------------------------------------------------------------
Total                8.563304e-03 1.272849e-07 1.156399e-06 8.564589e-03 100.0%
                           100.0%         0.0%         0.0%

