
===========================================================================
 report_power
============================================================================
======================= nom_ss_100C_1v60 Corner ===================================

Group                    Internal    Switching      Leakage        Total
                            Power        Power        Power        Power (Watts)
------------------------------------------------------------------------
Sequential           5.058198e-03 6.549761e-08 1.289100e-04 5.187174e-03  92.3%
Combinational        8.823714e-09 1.919488e-08 4.324444e-04 4.324725e-04   7.7%
Clock                0.000000e+00 0.000000e+00 0.000000e+00 0.000000e+00   0.0%
Macro                0.000000e+00 0.000000e+00 0.000000e+00 0.000000e+00   0.0%
Pad                  0.000000e+00 0.000000e+00 0.000000e+00 0.000000e+00   0.0%
------------------------------------------------------------------------
Total                5.058207e-03 8.469249e-08 5.613493e-04 5.619641e-03 100.0%
                            90.0%         0.0%        10.0%

