
===========================================================================
 report_power
============================================================================
======================= nom_ss_100C_1v60 Corner ===================================

Group                    Internal    Switching      Leakage        Total
                            Power        Power        Power        Power (Watts)
------------------------------------------------------------------------
Sequential           5.058198e-03 6.121729e-08 1.289619e-04 5.187221e-03  92.8%
Combinational        3.212001e-08 1.906944e-08 3.997500e-04 3.998012e-04   7.2%
Clock                0.000000e+00 0.000000e+00 0.000000e+00 0.000000e+00   0.0%
Macro                0.000000e+00 0.000000e+00 0.000000e+00 0.000000e+00   0.0%
Pad                  0.000000e+00 0.000000e+00 0.000000e+00 0.000000e+00   0.0%
------------------------------------------------------------------------
Total                5.058230e-03 8.028672e-08 5.287070e-04 5.587018e-03 100.0%
                            90.5%         0.0%         9.5%

