
64. Executing PROC_DLATCH pass (convert process syncs to latches).
No latch inferred for signal `\npu_project_macro.\gpio_bot_out' from process `\npu_project_macro.$proc$/home/auc/si-sprint26-project-nanonpu/Backend/openlane/RTL/npu_project_macro.sv:137$6'.
No latch inferred for signal `$paramod$af288dee7bcdf6e010f94512fc5534c164eb2fc0\TRSDL.\psum[3]' from process `$paramod$af288dee7bcdf6e010f94512fc5534c164eb2fc0\TRSDL.$proc$/home/auc/si-sprint26-project-nanonpu/Backend/openlane/RTL/TRSDL.sv:95$660'.
No latch inferred for signal `$paramod$af288dee7bcdf6e010f94512fc5534c164eb2fc0\TRSDL.\psum[2]' from process `$paramod$af288dee7bcdf6e010f94512fc5534c164eb2fc0\TRSDL.$proc$/home/auc/si-sprint26-project-nanonpu/Backend/openlane/RTL/TRSDL.sv:95$659'.
No latch inferred for signal `$paramod$af288dee7bcdf6e010f94512fc5534c164eb2fc0\TRSDL.\psum[1]' from process `$paramod$af288dee7bcdf6e010f94512fc5534c164eb2fc0\TRSDL.$proc$/home/auc/si-sprint26-project-nanonpu/Backend/openlane/RTL/TRSDL.sv:61$658'.
No latch inferred for signal `$paramod$af288dee7bcdf6e010f94512fc5534c164eb2fc0\TRSDL.\psum[0]' from process `$paramod$af288dee7bcdf6e010f94512fc5534c164eb2fc0\TRSDL.$proc$/home/auc/si-sprint26-project-nanonpu/Backend/openlane/RTL/TRSDL.sv:60$657'.
No latch inferred for signal `$paramod$62baa0f67ac0adab734db730771cfcbaa30a24e3\apb_splitter.\prdata_mux[7]' from process `$paramod$62baa0f67ac0adab734db730771cfcbaa30a24e3\apb_splitter.$proc$/home/auc/si-sprint26-project-nanonpu/Backend/openlane/RTL/apb_splitter.v:69$623'.
No latch inferred for signal `$paramod$62baa0f67ac0adab734db730771cfcbaa30a24e3\apb_splitter.\prdata_mux[6]' from process `$paramod$62baa0f67ac0adab734db730771cfcbaa30a24e3\apb_splitter.$proc$/home/auc/si-sprint26-project-nanonpu/Backend/openlane/RTL/apb_splitter.v:69$622'.
No latch inferred for signal `$paramod$62baa0f67ac0adab734db730771cfcbaa30a24e3\apb_splitter.\prdata_mux[5]' from process `$paramod$62baa0f67ac0adab734db730771cfcbaa30a24e3\apb_splitter.$proc$/home/auc/si-sprint26-project-nanonpu/Backend/openlane/RTL/apb_splitter.v:69$621'.
No latch inferred for signal `$paramod$62baa0f67ac0adab734db730771cfcbaa30a24e3\apb_splitter.\prdata_mux[4]' from process `$paramod$62baa0f67ac0adab734db730771cfcbaa30a24e3\apb_splitter.$proc$/home/auc/si-sprint26-project-nanonpu/Backend/openlane/RTL/apb_splitter.v:69$620'.
No latch inferred for signal `$paramod$62baa0f67ac0adab734db730771cfcbaa30a24e3\apb_splitter.\prdata_mux[3]' from process `$paramod$62baa0f67ac0adab734db730771cfcbaa30a24e3\apb_splitter.$proc$/home/auc/si-sprint26-project-nanonpu/Backend/openlane/RTL/apb_splitter.v:69$619'.
No latch inferred for signal `$paramod$62baa0f67ac0adab734db730771cfcbaa30a24e3\apb_splitter.\prdata_mux[2]' from process `$paramod$62baa0f67ac0adab734db730771cfcbaa30a24e3\apb_splitter.$proc$/home/auc/si-sprint26-project-nanonpu/Backend/openlane/RTL/apb_splitter.v:69$618'.
No latch inferred for signal `$paramod$62baa0f67ac0adab734db730771cfcbaa30a24e3\apb_splitter.\prdata_mux[1]' from process `$paramod$62baa0f67ac0adab734db730771cfcbaa30a24e3\apb_splitter.$proc$/home/auc/si-sprint26-project-nanonpu/Backend/openlane/RTL/apb_splitter.v:69$617'.
No latch inferred for signal `$paramod$62baa0f67ac0adab734db730771cfcbaa30a24e3\apb_splitter.\prdata_mux[0]' from process `$paramod$62baa0f67ac0adab734db730771cfcbaa30a24e3\apb_splitter.$proc$/home/auc/si-sprint26-project-nanonpu/Backend/openlane/RTL/apb_splitter.v:69$616'.
No latch inferred for signal `$paramod$62baa0f67ac0adab734db730771cfcbaa30a24e3\apb_splitter.$mem2reg_rd$\prdata_mux$/home/auc/si-sprint26-project-nanonpu/Backend/openlane/RTL/apb_splitter.v:73$581_DATA' from process `$paramod$62baa0f67ac0adab734db730771cfcbaa30a24e3\apb_splitter.$proc$/home/auc/si-sprint26-project-nanonpu/Backend/openlane/RTL/apb_splitter.v:73$613'.
No latch inferred for signal `$paramod$df0e20abd2088788c0ed4abdd621e6c577b4fb9c\CU.\next_relu_phase' from process `$paramod$df0e20abd2088788c0ed4abdd621e6c577b4fb9c\CU.$proc$/home/auc/si-sprint26-project-nanonpu/Backend/openlane/RTL/CU.SV:451$560'.
No latch inferred for signal `$paramod$df0e20abd2088788c0ed4abdd621e6c577b4fb9c\CU.\next_req_phase' from process `$paramod$df0e20abd2088788c0ed4abdd621e6c577b4fb9c\CU.$proc$/home/auc/si-sprint26-project-nanonpu/Backend/openlane/RTL/CU.SV:422$547'.
No latch inferred for signal `$paramod$df0e20abd2088788c0ed4abdd621e6c577b4fb9c\CU.\conv_cnt_en' from process `$paramod$df0e20abd2088788c0ed4abdd621e6c577b4fb9c\CU.$proc$/home/auc/si-sprint26-project-nanonpu/Backend/openlane/RTL/CU.SV:357$529'.
No latch inferred for signal `$paramod$df0e20abd2088788c0ed4abdd621e6c577b4fb9c\CU.\conv_cnt_rst' from process `$paramod$df0e20abd2088788c0ed4abdd621e6c577b4fb9c\CU.$proc$/home/auc/si-sprint26-project-nanonpu/Backend/openlane/RTL/CU.SV:357$529'.
No latch inferred for signal `$paramod$df0e20abd2088788c0ed4abdd621e6c577b4fb9c\CU.\next_conv_phase' from process `$paramod$df0e20abd2088788c0ed4abdd621e6c577b4fb9c\CU.$proc$/home/auc/si-sprint26-project-nanonpu/Backend/openlane/RTL/CU.SV:357$529'.
No latch inferred for signal `$paramod$df0e20abd2088788c0ed4abdd621e6c577b4fb9c\CU.\bb_wr_en' from process `$paramod$df0e20abd2088788c0ed4abdd621e6c577b4fb9c\CU.$proc$/home/auc/si-sprint26-project-nanonpu/Backend/openlane/RTL/CU.SV:335$517'.
No latch inferred for signal `$paramod$df0e20abd2088788c0ed4abdd621e6c577b4fb9c\CU.\bb_wr_addr' from process `$paramod$df0e20abd2088788c0ed4abdd621e6c577b4fb9c\CU.$proc$/home/auc/si-sprint26-project-nanonpu/Backend/openlane/RTL/CU.SV:335$517'.
No latch inferred for signal `$paramod$df0e20abd2088788c0ed4abdd621e6c577b4fb9c\CU.\wgt_wr_en' from process `$paramod$df0e20abd2088788c0ed4abdd621e6c577b4fb9c\CU.$proc$/home/auc/si-sprint26-project-nanonpu/Backend/openlane/RTL/CU.SV:321$513'.
No latch inferred for signal `$paramod$df0e20abd2088788c0ed4abdd621e6c577b4fb9c\CU.\wgt_wr_byte_addr' from process `$paramod$df0e20abd2088788c0ed4abdd621e6c577b4fb9c\CU.$proc$/home/auc/si-sprint26-project-nanonpu/Backend/openlane/RTL/CU.SV:321$513'.
No latch inferred for signal `$paramod$df0e20abd2088788c0ed4abdd621e6c577b4fb9c\CU.\wgt_wr_data' from process `$paramod$df0e20abd2088788c0ed4abdd621e6c577b4fb9c\CU.$proc$/home/auc/si-sprint26-project-nanonpu/Backend/openlane/RTL/CU.SV:321$513'.
No latch inferred for signal `$paramod$df0e20abd2088788c0ed4abdd621e6c577b4fb9c\CU.\wgt_swap' from process `$paramod$df0e20abd2088788c0ed4abdd621e6c577b4fb9c\CU.$proc$/home/auc/si-sprint26-project-nanonpu/Backend/openlane/RTL/CU.SV:321$513'.
No latch inferred for signal `$paramod$df0e20abd2088788c0ed4abdd621e6c577b4fb9c\CU.\act_wr_en' from process `$paramod$df0e20abd2088788c0ed4abdd621e6c577b4fb9c\CU.$proc$/home/auc/si-sprint26-project-nanonpu/Backend/openlane/RTL/CU.SV:307$509'.
No latch inferred for signal `$paramod$df0e20abd2088788c0ed4abdd621e6c577b4fb9c\CU.\act_wr_byte_addr' from process `$paramod$df0e20abd2088788c0ed4abdd621e6c577b4fb9c\CU.$proc$/home/auc/si-sprint26-project-nanonpu/Backend/openlane/RTL/CU.SV:307$509'.
No latch inferred for signal `$paramod$df0e20abd2088788c0ed4abdd621e6c577b4fb9c\CU.\act_wr_data' from process `$paramod$df0e20abd2088788c0ed4abdd621e6c577b4fb9c\CU.$proc$/home/auc/si-sprint26-project-nanonpu/Backend/openlane/RTL/CU.SV:307$509'.
No latch inferred for signal `$paramod$df0e20abd2088788c0ed4abdd621e6c577b4fb9c\CU.\act_swap' from process `$paramod$df0e20abd2088788c0ed4abdd621e6c577b4fb9c\CU.$proc$/home/auc/si-sprint26-project-nanonpu/Backend/openlane/RTL/CU.SV:307$509'.
No latch inferred for signal `$paramod$df0e20abd2088788c0ed4abdd621e6c577b4fb9c\CU.\sram_en1' from process `$paramod$df0e20abd2088788c0ed4abdd621e6c577b4fb9c\CU.$proc$/home/auc/si-sprint26-project-nanonpu/Backend/openlane/RTL/CU.SV:289$498'.
No latch inferred for signal `$paramod$df0e20abd2088788c0ed4abdd621e6c577b4fb9c\CU.\sram_a1' from process `$paramod$df0e20abd2088788c0ed4abdd621e6c577b4fb9c\CU.$proc$/home/auc/si-sprint26-project-nanonpu/Backend/openlane/RTL/CU.SV:289$498'.
No latch inferred for signal `$paramod$df0e20abd2088788c0ed4abdd621e6c577b4fb9c\CU.\sram_en0' from process `$paramod$df0e20abd2088788c0ed4abdd621e6c577b4fb9c\CU.$proc$/home/auc/si-sprint26-project-nanonpu/Backend/openlane/RTL/CU.SV:280$493'.
No latch inferred for signal `$paramod$df0e20abd2088788c0ed4abdd621e6c577b4fb9c\CU.\sram_a0' from process `$paramod$df0e20abd2088788c0ed4abdd621e6c577b4fb9c\CU.$proc$/home/auc/si-sprint26-project-nanonpu/Backend/openlane/RTL/CU.SV:280$493'.
No latch inferred for signal `$paramod$df0e20abd2088788c0ed4abdd621e6c577b4fb9c\CU.\select_apb_npu_addr' from process `$paramod$df0e20abd2088788c0ed4abdd621e6c577b4fb9c\CU.$proc$/home/auc/si-sprint26-project-nanonpu/Backend/openlane/RTL/CU.SV:230$464'.
No latch inferred for signal `$paramod$df0e20abd2088788c0ed4abdd621e6c577b4fb9c\CU.\next_state' from process `$paramod$df0e20abd2088788c0ed4abdd621e6c577b4fb9c\CU.$proc$/home/auc/si-sprint26-project-nanonpu/Backend/openlane/RTL/CU.SV:188$447'.
No latch inferred for signal `$paramod$df0e20abd2088788c0ed4abdd621e6c577b4fb9c\CU.\unit_done' from process `$paramod$df0e20abd2088788c0ed4abdd621e6c577b4fb9c\CU.$proc$/home/auc/si-sprint26-project-nanonpu/Backend/openlane/RTL/CU.SV:169$443'.
No latch inferred for signal `$paramod$df0e20abd2088788c0ed4abdd621e6c577b4fb9c\CU.\buf_sel' from process `$paramod$df0e20abd2088788c0ed4abdd621e6c577b4fb9c\CU.$proc$/home/auc/si-sprint26-project-nanonpu/Backend/openlane/RTL/CU.SV:151$439'.
No latch inferred for signal `$paramod$df0e20abd2088788c0ed4abdd621e6c577b4fb9c\CU.\opcode' from process `$paramod$df0e20abd2088788c0ed4abdd621e6c577b4fb9c\CU.$proc$/home/auc/si-sprint26-project-nanonpu/Backend/openlane/RTL/CU.SV:151$439'.
No latch inferred for signal `$paramod$df0e20abd2088788c0ed4abdd621e6c577b4fb9c\CU.\ext_Addr' from process `$paramod$df0e20abd2088788c0ed4abdd621e6c577b4fb9c\CU.$proc$/home/auc/si-sprint26-project-nanonpu/Backend/openlane/RTL/CU.SV:151$439'.
No latch inferred for signal `$paramod$df0e20abd2088788c0ed4abdd621e6c577b4fb9c\CU.\tile_addr_b' from process `$paramod$df0e20abd2088788c0ed4abdd621e6c577b4fb9c\CU.$proc$/home/auc/si-sprint26-project-nanonpu/Backend/openlane/RTL/CU.SV:151$439'.
No latch inferred for signal `$paramod$df0e20abd2088788c0ed4abdd621e6c577b4fb9c\CU.\tile_addr_a' from process `$paramod$df0e20abd2088788c0ed4abdd621e6c577b4fb9c\CU.$proc$/home/auc/si-sprint26-project-nanonpu/Backend/openlane/RTL/CU.SV:151$439'.
No latch inferred for signal `$paramod$df0e20abd2088788c0ed4abdd621e6c577b4fb9c\CU.\w_transpose' from process `$paramod$df0e20abd2088788c0ed4abdd621e6c577b4fb9c\CU.$proc$/home/auc/si-sprint26-project-nanonpu/Backend/openlane/RTL/CU.SV:151$439'.
No latch inferred for signal `$paramod$df0e20abd2088788c0ed4abdd621e6c577b4fb9c\CU.\n_scale_dec' from process `$paramod$df0e20abd2088788c0ed4abdd621e6c577b4fb9c\CU.$proc$/home/auc/si-sprint26-project-nanonpu/Backend/openlane/RTL/CU.SV:151$439'.
No latch inferred for signal `$paramod$df0e20abd2088788c0ed4abdd621e6c577b4fb9c\CU.\bypass_bias' from process `$paramod$df0e20abd2088788c0ed4abdd621e6c577b4fb9c\CU.$proc$/home/auc/si-sprint26-project-nanonpu/Backend/openlane/RTL/CU.SV:151$439'.
No latch inferred for signal `$paramod\mux4x1\DATA_WIDTH=32'00000000000000000000000000000111.\y' from process `$paramod\mux4x1\DATA_WIDTH=32'00000000000000000000000000000111.$proc$/home/auc/si-sprint26-project-nanonpu/Backend/openlane/RTL/mux4x1.sv:12$390'.
No latch inferred for signal `$paramod\mux4x1\DATA_WIDTH=s32'00000000000000000000000000000001.\y' from process `$paramod\mux4x1\DATA_WIDTH=s32'00000000000000000000000000000001.$proc$/home/auc/si-sprint26-project-nanonpu/Backend/openlane/RTL/mux4x1.sv:12$389'.
No latch inferred for signal `$paramod\mux4x1\DATA_WIDTH=s32'00000000000000000000000000000100.\y' from process `$paramod\mux4x1\DATA_WIDTH=s32'00000000000000000000000000000100.$proc$/home/auc/si-sprint26-project-nanonpu/Backend/openlane/RTL/mux4x1.sv:12$388'.
No latch inferred for signal `$paramod$0d9bc57de8f00ea41898b19647d3230134e5d7bd\pingpong_buffer.\rd_data' from process `$paramod$0d9bc57de8f00ea41898b19647d3230134e5d7bd\pingpong_buffer.$proc$/home/auc/si-sprint26-project-nanonpu/Backend/openlane/RTL/pingpong_buffer.sv:71$315'.
No latch inferred for signal `$paramod$0d9bc57de8f00ea41898b19647d3230134e5d7bd\pingpong_buffer.$fordecl_block$4.c' from process `$paramod$0d9bc57de8f00ea41898b19647d3230134e5d7bd\pingpong_buffer.$proc$/home/auc/si-sprint26-project-nanonpu/Backend/openlane/RTL/pingpong_buffer.sv:71$315'.
No latch inferred for signal `$paramod$6398937380c3fb3e5b8a96cb1f9f2485239e5e4d\bias_adder.\next_state' from process `$paramod$6398937380c3fb3e5b8a96cb1f9f2485239e5e4d\bias_adder.$proc$/home/auc/si-sprint26-project-nanonpu/Backend/openlane/RTL/bias_adder.sv:41$153'.
No latch inferred for signal `$paramod$d54a9dd362c2da465ec914843ed96dc15bf57cef\store_engine.\st_sram_we0' from process `$paramod$d54a9dd362c2da465ec914843ed96dc15bf57cef\store_engine.$proc$/home/auc/si-sprint26-project-nanonpu/Backend/openlane/RTL/store_engine.sv:106$49'.
No latch inferred for signal `$paramod$d54a9dd362c2da465ec914843ed96dc15bf57cef\store_engine.\st_sram_en0' from process `$paramod$d54a9dd362c2da465ec914843ed96dc15bf57cef\store_engine.$proc$/home/auc/si-sprint26-project-nanonpu/Backend/openlane/RTL/store_engine.sv:106$49'.
No latch inferred for signal `$paramod$d54a9dd362c2da465ec914843ed96dc15bf57cef\store_engine.\st_sram_a0' from process `$paramod$d54a9dd362c2da465ec914843ed96dc15bf57cef\store_engine.$proc$/home/auc/si-sprint26-project-nanonpu/Backend/openlane/RTL/store_engine.sv:106$49'.
No latch inferred for signal `$paramod$d54a9dd362c2da465ec914843ed96dc15bf57cef\store_engine.\st_sram_di0' from process `$paramod$d54a9dd362c2da465ec914843ed96dc15bf57cef\store_engine.$proc$/home/auc/si-sprint26-project-nanonpu/Backend/openlane/RTL/store_engine.sv:106$49'.
No latch inferred for signal `$paramod$d54a9dd362c2da465ec914843ed96dc15bf57cef\store_engine.\sel_row' from process `$paramod$d54a9dd362c2da465ec914843ed96dc15bf57cef\store_engine.$proc$/home/auc/si-sprint26-project-nanonpu/Backend/openlane/RTL/store_engine.sv:82$44'.
No latch inferred for signal `$paramod$d54a9dd362c2da465ec914843ed96dc15bf57cef\store_engine.\next_state' from process `$paramod$d54a9dd362c2da465ec914843ed96dc15bf57cef\store_engine.$proc$/home/auc/si-sprint26-project-nanonpu/Backend/openlane/RTL/store_engine.sv:54$36'.
No latch inferred for signal `$paramod$69aed79cacc7b1814fbf280d527d2a0d9327e588\npu_apb_decoder.\PRDATA' from process `$paramod$69aed79cacc7b1814fbf280d527d2a0d9327e588\npu_apb_decoder.$proc$/home/auc/si-sprint26-project-nanonpu/Backend/openlane/RTL/npu_apb_decoder.sv:157$32'.
No latch inferred for signal `$paramod$8adb495692604f276fd8810613b2702fdd4f406e\SA_NxN.\weight_L_sig[18]' from process `$paramod$8adb495692604f276fd8810613b2702fdd4f406e\SA_NxN.$proc$/home/auc/si-sprint26-project-nanonpu/Backend/openlane/RTL/SA_NxN.sv:110$998'.
No latch inferred for signal `$paramod$8adb495692604f276fd8810613b2702fdd4f406e\SA_NxN.\weight_D_sig[15]' from process `$paramod$8adb495692604f276fd8810613b2702fdd4f406e\SA_NxN.$proc$/home/auc/si-sprint26-project-nanonpu/Backend/openlane/RTL/SA_NxN.sv:109$997'.
No latch inferred for signal `$paramod$8adb495692604f276fd8810613b2702fdd4f406e\SA_NxN.\psum_sig[19]' from process `$paramod$8adb495692604f276fd8810613b2702fdd4f406e\SA_NxN.$proc$/home/auc/si-sprint26-project-nanonpu/Backend/openlane/RTL/SA_NxN.sv:108$996'.
No latch inferred for signal `$paramod$8adb495692604f276fd8810613b2702fdd4f406e\SA_NxN.\act_sig[19]' from process `$paramod$8adb495692604f276fd8810613b2702fdd4f406e\SA_NxN.$proc$/home/auc/si-sprint26-project-nanonpu/Backend/openlane/RTL/SA_NxN.sv:107$995'.
No latch inferred for signal `$paramod$8adb495692604f276fd8810613b2702fdd4f406e\SA_NxN.\weight_L_sig[17]' from process `$paramod$8adb495692604f276fd8810613b2702fdd4f406e\SA_NxN.$proc$/home/auc/si-sprint26-project-nanonpu/Backend/openlane/RTL/SA_NxN.sv:110$994'.
No latch inferred for signal `$paramod$8adb495692604f276fd8810613b2702fdd4f406e\SA_NxN.\weight_D_sig[14]' from process `$paramod$8adb495692604f276fd8810613b2702fdd4f406e\SA_NxN.$proc$/home/auc/si-sprint26-project-nanonpu/Backend/openlane/RTL/SA_NxN.sv:109$993'.
No latch inferred for signal `$paramod$8adb495692604f276fd8810613b2702fdd4f406e\SA_NxN.\psum_sig[18]' from process `$paramod$8adb495692604f276fd8810613b2702fdd4f406e\SA_NxN.$proc$/home/auc/si-sprint26-project-nanonpu/Backend/openlane/RTL/SA_NxN.sv:108$992'.
No latch inferred for signal `$paramod$8adb495692604f276fd8810613b2702fdd4f406e\SA_NxN.\act_sig[18]' from process `$paramod$8adb495692604f276fd8810613b2702fdd4f406e\SA_NxN.$proc$/home/auc/si-sprint26-project-nanonpu/Backend/openlane/RTL/SA_NxN.sv:107$991'.
No latch inferred for signal `$paramod$8adb495692604f276fd8810613b2702fdd4f406e\SA_NxN.\weight_L_sig[16]' from process `$paramod$8adb495692604f276fd8810613b2702fdd4f406e\SA_NxN.$proc$/home/auc/si-sprint26-project-nanonpu/Backend/openlane/RTL/SA_NxN.sv:110$990'.
No latch inferred for signal `$paramod$8adb495692604f276fd8810613b2702fdd4f406e\SA_NxN.\weight_D_sig[13]' from process `$paramod$8adb495692604f276fd8810613b2702fdd4f406e\SA_NxN.$proc$/home/auc/si-sprint26-project-nanonpu/Backend/openlane/RTL/SA_NxN.sv:109$989'.
No latch inferred for signal `$paramod$8adb495692604f276fd8810613b2702fdd4f406e\SA_NxN.\psum_sig[17]' from process `$paramod$8adb495692604f276fd8810613b2702fdd4f406e\SA_NxN.$proc$/home/auc/si-sprint26-project-nanonpu/Backend/openlane/RTL/SA_NxN.sv:108$988'.
No latch inferred for signal `$paramod$8adb495692604f276fd8810613b2702fdd4f406e\SA_NxN.\act_sig[17]' from process `$paramod$8adb495692604f276fd8810613b2702fdd4f406e\SA_NxN.$proc$/home/auc/si-sprint26-project-nanonpu/Backend/openlane/RTL/SA_NxN.sv:107$987'.
No latch inferred for signal `$paramod$8adb495692604f276fd8810613b2702fdd4f406e\SA_NxN.\weight_L_sig[15]' from process `$paramod$8adb495692604f276fd8810613b2702fdd4f406e\SA_NxN.$proc$/home/auc/si-sprint26-project-nanonpu/Backend/openlane/RTL/SA_NxN.sv:110$986'.
No latch inferred for signal `$paramod$8adb495692604f276fd8810613b2702fdd4f406e\SA_NxN.\weight_D_sig[12]' from process `$paramod$8adb495692604f276fd8810613b2702fdd4f406e\SA_NxN.$proc$/home/auc/si-sprint26-project-nanonpu/Backend/openlane/RTL/SA_NxN.sv:109$985'.
No latch inferred for signal `$paramod$8adb495692604f276fd8810613b2702fdd4f406e\SA_NxN.\psum_sig[16]' from process `$paramod$8adb495692604f276fd8810613b2702fdd4f406e\SA_NxN.$proc$/home/auc/si-sprint26-project-nanonpu/Backend/openlane/RTL/SA_NxN.sv:108$984'.
No latch inferred for signal `$paramod$8adb495692604f276fd8810613b2702fdd4f406e\SA_NxN.\act_sig[16]' from process `$paramod$8adb495692604f276fd8810613b2702fdd4f406e\SA_NxN.$proc$/home/auc/si-sprint26-project-nanonpu/Backend/openlane/RTL/SA_NxN.sv:107$983'.
No latch inferred for signal `$paramod$8adb495692604f276fd8810613b2702fdd4f406e\SA_NxN.\weight_L_sig[13]' from process `$paramod$8adb495692604f276fd8810613b2702fdd4f406e\SA_NxN.$proc$/home/auc/si-sprint26-project-nanonpu/Backend/openlane/RTL/SA_NxN.sv:110$982'.
No latch inferred for signal `$paramod$8adb495692604f276fd8810613b2702fdd4f406e\SA_NxN.\weight_D_sig[11]' from process `$paramod$8adb495692604f276fd8810613b2702fdd4f406e\SA_NxN.$proc$/home/auc/si-sprint26-project-nanonpu/Backend/openlane/RTL/SA_NxN.sv:109$981'.
No latch inferred for signal `$paramod$8adb495692604f276fd8810613b2702fdd4f406e\SA_NxN.\psum_sig[15]' from process `$paramod$8adb495692604f276fd8810613b2702fdd4f406e\SA_NxN.$proc$/home/auc/si-sprint26-project-nanonpu/Backend/openlane/RTL/SA_NxN.sv:108$980'.
No latch inferred for signal `$paramod$8adb495692604f276fd8810613b2702fdd4f406e\SA_NxN.\act_sig[14]' from process `$paramod$8adb495692604f276fd8810613b2702fdd4f406e\SA_NxN.$proc$/home/auc/si-sprint26-project-nanonpu/Backend/openlane/RTL/SA_NxN.sv:107$979'.
No latch inferred for signal `$paramod$8adb495692604f276fd8810613b2702fdd4f406e\SA_NxN.\weight_L_sig[12]' from process `$paramod$8adb495692604f276fd8810613b2702fdd4f406e\SA_NxN.$proc$/home/auc/si-sprint26-project-nanonpu/Backend/openlane/RTL/SA_NxN.sv:110$978'.
No latch inferred for signal `$paramod$8adb495692604f276fd8810613b2702fdd4f406e\SA_NxN.\weight_D_sig[10]' from process `$paramod$8adb495692604f276fd8810613b2702fdd4f406e\SA_NxN.$proc$/home/auc/si-sprint26-project-nanonpu/Backend/openlane/RTL/SA_NxN.sv:109$977'.
No latch inferred for signal `$paramod$8adb495692604f276fd8810613b2702fdd4f406e\SA_NxN.\psum_sig[14]' from process `$paramod$8adb495692604f276fd8810613b2702fdd4f406e\SA_NxN.$proc$/home/auc/si-sprint26-project-nanonpu/Backend/openlane/RTL/SA_NxN.sv:108$976'.
No latch inferred for signal `$paramod$8adb495692604f276fd8810613b2702fdd4f406e\SA_NxN.\act_sig[13]' from process `$paramod$8adb495692604f276fd8810613b2702fdd4f406e\SA_NxN.$proc$/home/auc/si-sprint26-project-nanonpu/Backend/openlane/RTL/SA_NxN.sv:107$975'.
No latch inferred for signal `$paramod$8adb495692604f276fd8810613b2702fdd4f406e\SA_NxN.\weight_L_sig[11]' from process `$paramod$8adb495692604f276fd8810613b2702fdd4f406e\SA_NxN.$proc$/home/auc/si-sprint26-project-nanonpu/Backend/openlane/RTL/SA_NxN.sv:110$974'.
No latch inferred for signal `$paramod$8adb495692604f276fd8810613b2702fdd4f406e\SA_NxN.\weight_D_sig[9]' from process `$paramod$8adb495692604f276fd8810613b2702fdd4f406e\SA_NxN.$proc$/home/auc/si-sprint26-project-nanonpu/Backend/openlane/RTL/SA_NxN.sv:109$973'.
No latch inferred for signal `$paramod$8adb495692604f276fd8810613b2702fdd4f406e\SA_NxN.\psum_sig[13]' from process `$paramod$8adb495692604f276fd8810613b2702fdd4f406e\SA_NxN.$proc$/home/auc/si-sprint26-project-nanonpu/Backend/openlane/RTL/SA_NxN.sv:108$972'.
No latch inferred for signal `$paramod$8adb495692604f276fd8810613b2702fdd4f406e\SA_NxN.\act_sig[12]' from process `$paramod$8adb495692604f276fd8810613b2702fdd4f406e\SA_NxN.$proc$/home/auc/si-sprint26-project-nanonpu/Backend/openlane/RTL/SA_NxN.sv:107$971'.
No latch inferred for signal `$paramod$8adb495692604f276fd8810613b2702fdd4f406e\SA_NxN.\weight_L_sig[10]' from process `$paramod$8adb495692604f276fd8810613b2702fdd4f406e\SA_NxN.$proc$/home/auc/si-sprint26-project-nanonpu/Backend/openlane/RTL/SA_NxN.sv:110$970'.
No latch inferred for signal `$paramod$8adb495692604f276fd8810613b2702fdd4f406e\SA_NxN.\weight_D_sig[8]' from process `$paramod$8adb495692604f276fd8810613b2702fdd4f406e\SA_NxN.$proc$/home/auc/si-sprint26-project-nanonpu/Backend/openlane/RTL/SA_NxN.sv:109$969'.
No latch inferred for signal `$paramod$8adb495692604f276fd8810613b2702fdd4f406e\SA_NxN.\psum_sig[12]' from process `$paramod$8adb495692604f276fd8810613b2702fdd4f406e\SA_NxN.$proc$/home/auc/si-sprint26-project-nanonpu/Backend/openlane/RTL/SA_NxN.sv:108$968'.
No latch inferred for signal `$paramod$8adb495692604f276fd8810613b2702fdd4f406e\SA_NxN.\act_sig[11]' from process `$paramod$8adb495692604f276fd8810613b2702fdd4f406e\SA_NxN.$proc$/home/auc/si-sprint26-project-nanonpu/Backend/openlane/RTL/SA_NxN.sv:107$967'.
No latch inferred for signal `$paramod$8adb495692604f276fd8810613b2702fdd4f406e\SA_NxN.\weight_L_sig[8]' from process `$paramod$8adb495692604f276fd8810613b2702fdd4f406e\SA_NxN.$proc$/home/auc/si-sprint26-project-nanonpu/Backend/openlane/RTL/SA_NxN.sv:110$966'.
No latch inferred for signal `$paramod$8adb495692604f276fd8810613b2702fdd4f406e\SA_NxN.\weight_D_sig[7]' from process `$paramod$8adb495692604f276fd8810613b2702fdd4f406e\SA_NxN.$proc$/home/auc/si-sprint26-project-nanonpu/Backend/openlane/RTL/SA_NxN.sv:109$965'.
No latch inferred for signal `$paramod$8adb495692604f276fd8810613b2702fdd4f406e\SA_NxN.\psum_sig[11]' from process `$paramod$8adb495692604f276fd8810613b2702fdd4f406e\SA_NxN.$proc$/home/auc/si-sprint26-project-nanonpu/Backend/openlane/RTL/SA_NxN.sv:108$964'.
No latch inferred for signal `$paramod$8adb495692604f276fd8810613b2702fdd4f406e\SA_NxN.\act_sig[9]' from process `$paramod$8adb495692604f276fd8810613b2702fdd4f406e\SA_NxN.$proc$/home/auc/si-sprint26-project-nanonpu/Backend/openlane/RTL/SA_NxN.sv:107$963'.
No latch inferred for signal `$paramod$8adb495692604f276fd8810613b2702fdd4f406e\SA_NxN.\weight_L_sig[7]' from process `$paramod$8adb495692604f276fd8810613b2702fdd4f406e\SA_NxN.$proc$/home/auc/si-sprint26-project-nanonpu/Backend/openlane/RTL/SA_NxN.sv:110$962'.
No latch inferred for signal `$paramod$8adb495692604f276fd8810613b2702fdd4f406e\SA_NxN.\weight_D_sig[6]' from process `$paramod$8adb495692604f276fd8810613b2702fdd4f406e\SA_NxN.$proc$/home/auc/si-sprint26-project-nanonpu/Backend/openlane/RTL/SA_NxN.sv:109$961'.
No latch inferred for signal `$paramod$8adb495692604f276fd8810613b2702fdd4f406e\SA_NxN.\psum_sig[10]' from process `$paramod$8adb495692604f276fd8810613b2702fdd4f406e\SA_NxN.$proc$/home/auc/si-sprint26-project-nanonpu/Backend/openlane/RTL/SA_NxN.sv:108$960'.
No latch inferred for signal `$paramod$8adb495692604f276fd8810613b2702fdd4f406e\SA_NxN.\act_sig[8]' from process `$paramod$8adb495692604f276fd8810613b2702fdd4f406e\SA_NxN.$proc$/home/auc/si-sprint26-project-nanonpu/Backend/openlane/RTL/SA_NxN.sv:107$959'.
No latch inferred for signal `$paramod$8adb495692604f276fd8810613b2702fdd4f406e\SA_NxN.\weight_L_sig[6]' from process `$paramod$8adb495692604f276fd8810613b2702fdd4f406e\SA_NxN.$proc$/home/auc/si-sprint26-project-nanonpu/Backend/openlane/RTL/SA_NxN.sv:110$958'.
No latch inferred for signal `$paramod$8adb495692604f276fd8810613b2702fdd4f406e\SA_NxN.\weight_D_sig[5]' from process `$paramod$8adb495692604f276fd8810613b2702fdd4f406e\SA_NxN.$proc$/home/auc/si-sprint26-project-nanonpu/Backend/openlane/RTL/SA_NxN.sv:109$957'.
No latch inferred for signal `$paramod$8adb495692604f276fd8810613b2702fdd4f406e\SA_NxN.\psum_sig[9]' from process `$paramod$8adb495692604f276fd8810613b2702fdd4f406e\SA_NxN.$proc$/home/auc/si-sprint26-project-nanonpu/Backend/openlane/RTL/SA_NxN.sv:108$956'.
No latch inferred for signal `$paramod$8adb495692604f276fd8810613b2702fdd4f406e\SA_NxN.\act_sig[7]' from process `$paramod$8adb495692604f276fd8810613b2702fdd4f406e\SA_NxN.$proc$/home/auc/si-sprint26-project-nanonpu/Backend/openlane/RTL/SA_NxN.sv:107$955'.
No latch inferred for signal `$paramod$8adb495692604f276fd8810613b2702fdd4f406e\SA_NxN.\weight_L_sig[5]' from process `$paramod$8adb495692604f276fd8810613b2702fdd4f406e\SA_NxN.$proc$/home/auc/si-sprint26-project-nanonpu/Backend/openlane/RTL/SA_NxN.sv:110$954'.
No latch inferred for signal `$paramod$8adb495692604f276fd8810613b2702fdd4f406e\SA_NxN.\weight_D_sig[4]' from process `$paramod$8adb495692604f276fd8810613b2702fdd4f406e\SA_NxN.$proc$/home/auc/si-sprint26-project-nanonpu/Backend/openlane/RTL/SA_NxN.sv:109$953'.
No latch inferred for signal `$paramod$8adb495692604f276fd8810613b2702fdd4f406e\SA_NxN.\psum_sig[8]' from process `$paramod$8adb495692604f276fd8810613b2702fdd4f406e\SA_NxN.$proc$/home/auc/si-sprint26-project-nanonpu/Backend/openlane/RTL/SA_NxN.sv:108$952'.
No latch inferred for signal `$paramod$8adb495692604f276fd8810613b2702fdd4f406e\SA_NxN.\act_sig[6]' from process `$paramod$8adb495692604f276fd8810613b2702fdd4f406e\SA_NxN.$proc$/home/auc/si-sprint26-project-nanonpu/Backend/openlane/RTL/SA_NxN.sv:107$951'.
No latch inferred for signal `$paramod$8adb495692604f276fd8810613b2702fdd4f406e\SA_NxN.\weight_L_sig[3]' from process `$paramod$8adb495692604f276fd8810613b2702fdd4f406e\SA_NxN.$proc$/home/auc/si-sprint26-project-nanonpu/Backend/openlane/RTL/SA_NxN.sv:110$950'.
No latch inferred for signal `$paramod$8adb495692604f276fd8810613b2702fdd4f406e\SA_NxN.\weight_D_sig[3]' from process `$paramod$8adb495692604f276fd8810613b2702fdd4f406e\SA_NxN.$proc$/home/auc/si-sprint26-project-nanonpu/Backend/openlane/RTL/SA_NxN.sv:109$949'.
No latch inferred for signal `$paramod$8adb495692604f276fd8810613b2702fdd4f406e\SA_NxN.\psum_sig[7]' from process `$paramod$8adb495692604f276fd8810613b2702fdd4f406e\SA_NxN.$proc$/home/auc/si-sprint26-project-nanonpu/Backend/openlane/RTL/SA_NxN.sv:108$948'.
No latch inferred for signal `$paramod$8adb495692604f276fd8810613b2702fdd4f406e\SA_NxN.\act_sig[4]' from process `$paramod$8adb495692604f276fd8810613b2702fdd4f406e\SA_NxN.$proc$/home/auc/si-sprint26-project-nanonpu/Backend/openlane/RTL/SA_NxN.sv:107$947'.
No latch inferred for signal `$paramod$8adb495692604f276fd8810613b2702fdd4f406e\SA_NxN.\weight_L_sig[2]' from process `$paramod$8adb495692604f276fd8810613b2702fdd4f406e\SA_NxN.$proc$/home/auc/si-sprint26-project-nanonpu/Backend/openlane/RTL/SA_NxN.sv:110$946'.
No latch inferred for signal `$paramod$8adb495692604f276fd8810613b2702fdd4f406e\SA_NxN.\weight_D_sig[2]' from process `$paramod$8adb495692604f276fd8810613b2702fdd4f406e\SA_NxN.$proc$/home/auc/si-sprint26-project-nanonpu/Backend/openlane/RTL/SA_NxN.sv:109$945'.
No latch inferred for signal `$paramod$8adb495692604f276fd8810613b2702fdd4f406e\SA_NxN.\psum_sig[6]' from process `$paramod$8adb495692604f276fd8810613b2702fdd4f406e\SA_NxN.$proc$/home/auc/si-sprint26-project-nanonpu/Backend/openlane/RTL/SA_NxN.sv:108$944'.
No latch inferred for signal `$paramod$8adb495692604f276fd8810613b2702fdd4f406e\SA_NxN.\act_sig[3]' from process `$paramod$8adb495692604f276fd8810613b2702fdd4f406e\SA_NxN.$proc$/home/auc/si-sprint26-project-nanonpu/Backend/openlane/RTL/SA_NxN.sv:107$943'.
No latch inferred for signal `$paramod$8adb495692604f276fd8810613b2702fdd4f406e\SA_NxN.\weight_L_sig[1]' from process `$paramod$8adb495692604f276fd8810613b2702fdd4f406e\SA_NxN.$proc$/home/auc/si-sprint26-project-nanonpu/Backend/openlane/RTL/SA_NxN.sv:110$942'.
No latch inferred for signal `$paramod$8adb495692604f276fd8810613b2702fdd4f406e\SA_NxN.\weight_D_sig[1]' from process `$paramod$8adb495692604f276fd8810613b2702fdd4f406e\SA_NxN.$proc$/home/auc/si-sprint26-project-nanonpu/Backend/openlane/RTL/SA_NxN.sv:109$941'.
No latch inferred for signal `$paramod$8adb495692604f276fd8810613b2702fdd4f406e\SA_NxN.\psum_sig[5]' from process `$paramod$8adb495692604f276fd8810613b2702fdd4f406e\SA_NxN.$proc$/home/auc/si-sprint26-project-nanonpu/Backend/openlane/RTL/SA_NxN.sv:108$940'.
No latch inferred for signal `$paramod$8adb495692604f276fd8810613b2702fdd4f406e\SA_NxN.\act_sig[2]' from process `$paramod$8adb495692604f276fd8810613b2702fdd4f406e\SA_NxN.$proc$/home/auc/si-sprint26-project-nanonpu/Backend/openlane/RTL/SA_NxN.sv:107$939'.
No latch inferred for signal `$paramod$8adb495692604f276fd8810613b2702fdd4f406e\SA_NxN.\weight_L_sig[0]' from process `$paramod$8adb495692604f276fd8810613b2702fdd4f406e\SA_NxN.$proc$/home/auc/si-sprint26-project-nanonpu/Backend/openlane/RTL/SA_NxN.sv:110$938'.
No latch inferred for signal `$paramod$8adb495692604f276fd8810613b2702fdd4f406e\SA_NxN.\weight_D_sig[0]' from process `$paramod$8adb495692604f276fd8810613b2702fdd4f406e\SA_NxN.$proc$/home/auc/si-sprint26-project-nanonpu/Backend/openlane/RTL/SA_NxN.sv:109$937'.
No latch inferred for signal `$paramod$8adb495692604f276fd8810613b2702fdd4f406e\SA_NxN.\psum_sig[4]' from process `$paramod$8adb495692604f276fd8810613b2702fdd4f406e\SA_NxN.$proc$/home/auc/si-sprint26-project-nanonpu/Backend/openlane/RTL/SA_NxN.sv:108$936'.
No latch inferred for signal `$paramod$8adb495692604f276fd8810613b2702fdd4f406e\SA_NxN.\act_sig[1]' from process `$paramod$8adb495692604f276fd8810613b2702fdd4f406e\SA_NxN.$proc$/home/auc/si-sprint26-project-nanonpu/Backend/openlane/RTL/SA_NxN.sv:107$935'.
No latch inferred for signal `$paramod$8adb495692604f276fd8810613b2702fdd4f406e\SA_NxN.\weight_L_sig[19]' from process `$paramod$8adb495692604f276fd8810613b2702fdd4f406e\SA_NxN.$proc$/home/auc/si-sprint26-project-nanonpu/Backend/openlane/RTL/SA_NxN.sv:83$934'.
No latch inferred for signal `$paramod$8adb495692604f276fd8810613b2702fdd4f406e\SA_NxN.\weight_D_sig[19]' from process `$paramod$8adb495692604f276fd8810613b2702fdd4f406e\SA_NxN.$proc$/home/auc/si-sprint26-project-nanonpu/Backend/openlane/RTL/SA_NxN.sv:82$933'.
No latch inferred for signal `$paramod$8adb495692604f276fd8810613b2702fdd4f406e\SA_NxN.\psum_sig[3]' from process `$paramod$8adb495692604f276fd8810613b2702fdd4f406e\SA_NxN.$proc$/home/auc/si-sprint26-project-nanonpu/Backend/openlane/RTL/SA_NxN.sv:81$932'.
No latch inferred for signal `$paramod$8adb495692604f276fd8810613b2702fdd4f406e\SA_NxN.\act_sig[15]' from process `$paramod$8adb495692604f276fd8810613b2702fdd4f406e\SA_NxN.$proc$/home/auc/si-sprint26-project-nanonpu/Backend/openlane/RTL/SA_NxN.sv:80$931'.
No latch inferred for signal `$paramod$8adb495692604f276fd8810613b2702fdd4f406e\SA_NxN.\weight_L_sig[14]' from process `$paramod$8adb495692604f276fd8810613b2702fdd4f406e\SA_NxN.$proc$/home/auc/si-sprint26-project-nanonpu/Backend/openlane/RTL/SA_NxN.sv:83$930'.
No latch inferred for signal `$paramod$8adb495692604f276fd8810613b2702fdd4f406e\SA_NxN.\weight_D_sig[18]' from process `$paramod$8adb495692604f276fd8810613b2702fdd4f406e\SA_NxN.$proc$/home/auc/si-sprint26-project-nanonpu/Backend/openlane/RTL/SA_NxN.sv:82$929'.
No latch inferred for signal `$paramod$8adb495692604f276fd8810613b2702fdd4f406e\SA_NxN.\psum_sig[2]' from process `$paramod$8adb495692604f276fd8810613b2702fdd4f406e\SA_NxN.$proc$/home/auc/si-sprint26-project-nanonpu/Backend/openlane/RTL/SA_NxN.sv:81$928'.
No latch inferred for signal `$paramod$8adb495692604f276fd8810613b2702fdd4f406e\SA_NxN.\act_sig[10]' from process `$paramod$8adb495692604f276fd8810613b2702fdd4f406e\SA_NxN.$proc$/home/auc/si-sprint26-project-nanonpu/Backend/openlane/RTL/SA_NxN.sv:80$927'.
No latch inferred for signal `$paramod$8adb495692604f276fd8810613b2702fdd4f406e\SA_NxN.\weight_L_sig[9]' from process `$paramod$8adb495692604f276fd8810613b2702fdd4f406e\SA_NxN.$proc$/home/auc/si-sprint26-project-nanonpu/Backend/openlane/RTL/SA_NxN.sv:83$926'.
No latch inferred for signal `$paramod$8adb495692604f276fd8810613b2702fdd4f406e\SA_NxN.\weight_D_sig[17]' from process `$paramod$8adb495692604f276fd8810613b2702fdd4f406e\SA_NxN.$proc$/home/auc/si-sprint26-project-nanonpu/Backend/openlane/RTL/SA_NxN.sv:82$925'.
No latch inferred for signal `$paramod$8adb495692604f276fd8810613b2702fdd4f406e\SA_NxN.\psum_sig[1]' from process `$paramod$8adb495692604f276fd8810613b2702fdd4f406e\SA_NxN.$proc$/home/auc/si-sprint26-project-nanonpu/Backend/openlane/RTL/SA_NxN.sv:81$924'.
No latch inferred for signal `$paramod$8adb495692604f276fd8810613b2702fdd4f406e\SA_NxN.\act_sig[5]' from process `$paramod$8adb495692604f276fd8810613b2702fdd4f406e\SA_NxN.$proc$/home/auc/si-sprint26-project-nanonpu/Backend/openlane/RTL/SA_NxN.sv:80$923'.
No latch inferred for signal `$paramod$8adb495692604f276fd8810613b2702fdd4f406e\SA_NxN.\weight_L_sig[4]' from process `$paramod$8adb495692604f276fd8810613b2702fdd4f406e\SA_NxN.$proc$/home/auc/si-sprint26-project-nanonpu/Backend/openlane/RTL/SA_NxN.sv:83$922'.
No latch inferred for signal `$paramod$8adb495692604f276fd8810613b2702fdd4f406e\SA_NxN.\weight_D_sig[16]' from process `$paramod$8adb495692604f276fd8810613b2702fdd4f406e\SA_NxN.$proc$/home/auc/si-sprint26-project-nanonpu/Backend/openlane/RTL/SA_NxN.sv:82$921'.
No latch inferred for signal `$paramod$8adb495692604f276fd8810613b2702fdd4f406e\SA_NxN.\psum_sig[0]' from process `$paramod$8adb495692604f276fd8810613b2702fdd4f406e\SA_NxN.$proc$/home/auc/si-sprint26-project-nanonpu/Backend/openlane/RTL/SA_NxN.sv:81$920'.
No latch inferred for signal `$paramod$8adb495692604f276fd8810613b2702fdd4f406e\SA_NxN.\act_sig[0]' from process `$paramod$8adb495692604f276fd8810613b2702fdd4f406e\SA_NxN.$proc$/home/auc/si-sprint26-project-nanonpu/Backend/openlane/RTL/SA_NxN.sv:80$919'.
No latch inferred for signal `$paramod\SA_CU\N_SIZE=32'00000000000000000000000000000100.\next_state' from process `$paramod\SA_CU\N_SIZE=32'00000000000000000000000000000100.$proc$/home/auc/si-sprint26-project-nanonpu/Backend/openlane/RTL/SA_CU.sv:91$698'.
No latch inferred for signal `$paramod\SA_CU\N_SIZE=32'00000000000000000000000000000100.\cnt_en' from process `$paramod\SA_CU\N_SIZE=32'00000000000000000000000000000100.$proc$/home/auc/si-sprint26-project-nanonpu/Backend/openlane/RTL/SA_CU.sv:91$698'.
No latch inferred for signal `$paramod\SA_CU\N_SIZE=32'00000000000000000000000000000100.\cnt_rst' from process `$paramod\SA_CU\N_SIZE=32'00000000000000000000000000000100.$proc$/home/auc/si-sprint26-project-nanonpu/Backend/openlane/RTL/SA_CU.sv:91$698'.
No latch inferred for signal `$paramod$3de4212221e88281cfcfe5609744a3608364233d\TRSRL.\act[3]' from process `$paramod$3de4212221e88281cfcfe5609744a3608364233d\TRSRL.$proc$/home/auc/si-sprint26-project-nanonpu/Backend/openlane/RTL/TRSRL.sv:96$692'.
No latch inferred for signal `$paramod$3de4212221e88281cfcfe5609744a3608364233d\TRSRL.\act[2]' from process `$paramod$3de4212221e88281cfcfe5609744a3608364233d\TRSRL.$proc$/home/auc/si-sprint26-project-nanonpu/Backend/openlane/RTL/TRSRL.sv:96$691'.
No latch inferred for signal `$paramod$3de4212221e88281cfcfe5609744a3608364233d\TRSRL.\act[1]' from process `$paramod$3de4212221e88281cfcfe5609744a3608364233d\TRSRL.$proc$/home/auc/si-sprint26-project-nanonpu/Backend/openlane/RTL/TRSRL.sv:60$690'.
No latch inferred for signal `$paramod$3de4212221e88281cfcfe5609744a3608364233d\TRSRL.\act[0]' from process `$paramod$3de4212221e88281cfcfe5609744a3608364233d\TRSRL.$proc$/home/auc/si-sprint26-project-nanonpu/Backend/openlane/RTL/TRSRL.sv:59$689'.
