
===========================================================================
 report_power
============================================================================
======================= nom_ff_n40C_1v95 Corner ===================================

Group                    Internal    Switching      Leakage        Total
                            Power        Power        Power        Power (Watts)
------------------------------------------------------------------------
Sequential           8.563289e-03 1.021618e-07 1.736092e-07 8.563565e-03 100.0%
Combinational        1.777096e-08 0.000000e+00 6.108048e-07 6.285758e-07   0.0%
Clock                0.000000e+00 0.000000e+00 0.000000e+00 0.000000e+00   0.0%
Macro                0.000000e+00 0.000000e+00 0.000000e+00 0.000000e+00   0.0%
Pad                  0.000000e+00 0.000000e+00 0.000000e+00 0.000000e+00   0.0%
------------------------------------------------------------------------
Total                8.563307e-03 1.021618e-07 7.844473e-07 8.564194e-03 100.0%
                           100.0%         0.0%         0.0%

