┏━━━━━━━━━━━━━━━━━━━━━━┳━━━━━━━━━━┳━━━━━━━━━━┳━━━━━━━━━━┳━━━━━━━━━━┳━━━━━━━━━━━┳━━━━━━━━━━┳━━━━━━━━━━━┳━━━━━━━━━━┳━━━━━━━━━━━┳━━━━━━━━━━┳━━━━━━━━━━━┳━━━━━━━━━━┓
┃                      ┃ Hold     ┃ Reg to   ┃          ┃          ┃ of which  ┃ Setup    ┃           ┃          ┃           ┃ of which ┃           ┃          ┃
┃                      ┃ Worst    ┃ Reg      ┃          ┃ Hold Vio ┃ reg to    ┃ Worst    ┃ Reg to    ┃ Setup    ┃ Setup Vio ┃ reg to   ┃ Max Cap   ┃ Max Slew ┃
┃ Corner/Group         ┃ Slack    ┃ Paths    ┃ Hold TNS ┃ Count    ┃ reg       ┃ Slack    ┃ Reg Paths ┃ TNS      ┃ Count     ┃ reg      ┃ Violatio… ┃ Violati… ┃
┡━━━━━━━━━━━━━━━━━━━━━━╇━━━━━━━━━━╇━━━━━━━━━━╇━━━━━━━━━━╇━━━━━━━━━━╇━━━━━━━━━━━╇━━━━━━━━━━╇━━━━━━━━━━━╇━━━━━━━━━━╇━━━━━━━━━━━╇━━━━━━━━━━╇━━━━━━━━━━━╇━━━━━━━━━━┩
│ Overall              │ 0.1089   │ 0.1089   │ 0.0000   │ 0        │ 0         │ 11.3380  │ 14.1167   │ 0.0000   │ 0         │ 0        │ 48        │ 10747    │
│ nom_tt_025C_1v80     │ 0.1773   │ 0.1773   │ 0.0000   │ 0        │ 0         │ 12.5829  │ 31.3446   │ 0.0000   │ 0         │ 0        │ 41        │ 7209     │
│ nom_ss_100C_1v60     │ 0.4807   │ 0.4807   │ 0.0000   │ 0        │ 0         │ 11.3380  │ 14.1167   │ 0.0000   │ 0         │ 0        │ 48        │ 10747    │
│ nom_ff_n40C_1v95     │ 0.1089   │ 0.1089   │ 0.0000   │ 0        │ 0         │ 13.0929  │ 38.4794   │ 0.0000   │ 0         │ 0        │ 34        │ 6994     │
└──────────────────────┴──────────┴──────────┴──────────┴──────────┴───────────┴──────────┴───────────┴──────────┴───────────┴──────────┴───────────┴──────────┘
