
===========================================================================
 report_power
============================================================================
======================= nom_tt_025C_1v80 Corner ===================================

Group                    Internal    Switching      Leakage        Total
                            Power        Power        Power        Power (Watts)
------------------------------------------------------------------------
Sequential           6.708707e-03 8.495281e-08 7.622933e-08 6.708868e-03 100.0%
Combinational        1.513391e-08 0.000000e+00 2.272295e-07 2.423634e-07   0.0%
Clock                0.000000e+00 0.000000e+00 0.000000e+00 0.000000e+00   0.0%
Macro                0.000000e+00 0.000000e+00 0.000000e+00 0.000000e+00   0.0%
Pad                  0.000000e+00 0.000000e+00 0.000000e+00 0.000000e+00   0.0%
------------------------------------------------------------------------
Total                6.708722e-03 8.495281e-08 3.033931e-07 6.709110e-03 100.0%
                           100.0%         0.0%         0.0%

