
===========================================================================
 report_power
============================================================================
======================= nom_tt_025C_1v80 Corner ===================================

Group                    Internal    Switching      Leakage        Total
                            Power        Power        Power        Power (Watts)
------------------------------------------------------------------------
Sequential           6.708706e-03 7.847604e-08 7.622933e-08 6.708861e-03 100.0%
Combinational        4.107515e-08 2.413800e-08 2.820553e-07 3.472684e-07   0.0%
Clock                0.000000e+00 0.000000e+00 0.000000e+00 0.000000e+00   0.0%
Macro                0.000000e+00 0.000000e+00 0.000000e+00 0.000000e+00   0.0%
Pad                  0.000000e+00 0.000000e+00 0.000000e+00 0.000000e+00   0.0%
------------------------------------------------------------------------
Total                6.708748e-03 1.026140e-07 3.581993e-07 6.709208e-03 100.0%
                           100.0%         0.0%         0.0%

