
===========================================================================
 report_power
============================================================================
======================= nom_tt_025C_1v80 Corner ===================================

Group                    Internal    Switching      Leakage        Total
                            Power        Power        Power        Power (Watts)
------------------------------------------------------------------------
Sequential           6.708705e-03 5.456808e-08 7.622933e-08 6.708836e-03 100.0%
Combinational        1.332871e-08 2.066472e-08 2.259439e-07 2.599373e-07   0.0%
Clock                0.000000e+00 0.000000e+00 0.000000e+00 0.000000e+00   0.0%
Macro                0.000000e+00 0.000000e+00 0.000000e+00 0.000000e+00   0.0%
Pad                  0.000000e+00 0.000000e+00 0.000000e+00 0.000000e+00   0.0%
------------------------------------------------------------------------
Total                6.708719e-03 7.523280e-08 3.021096e-07 6.709096e-03 100.0%
                           100.0%         0.0%         0.0%

