
===========================================================================
 report_power
============================================================================
======================= nom_tt_025C_1v80 Corner ===================================

Group                    Internal    Switching      Leakage        Total
                            Power        Power        Power        Power (Watts)
------------------------------------------------------------------------
Sequential           6.708707e-03 9.573877e-08 7.622247e-08 6.708879e-03 100.0%
Combinational        8.357576e-09 0.000000e+00 2.826171e-07 2.909746e-07   0.0%
Clock                0.000000e+00 0.000000e+00 0.000000e+00 0.000000e+00   0.0%
Macro                0.000000e+00 0.000000e+00 0.000000e+00 0.000000e+00   0.0%
Pad                  0.000000e+00 0.000000e+00 0.000000e+00 0.000000e+00   0.0%
------------------------------------------------------------------------
Total                6.708716e-03 9.573877e-08 3.587543e-07 6.709170e-03 100.0%
                           100.0%         0.0%         0.0%

