
===========================================================================
 report_power
============================================================================
======================= nom_tt_025C_1v80 Corner ===================================

Group                    Internal    Switching      Leakage        Total
                            Power        Power        Power        Power (Watts)
------------------------------------------------------------------------
Sequential           6.708706e-03 7.743924e-08 7.622639e-08 6.708860e-03 100.0%
Combinational        3.331627e-08 2.945160e-08 2.886411e-07 3.514090e-07   0.0%
Clock                0.000000e+00 0.000000e+00 0.000000e+00 0.000000e+00   0.0%
Macro                0.000000e+00 0.000000e+00 0.000000e+00 0.000000e+00   0.0%
Pad                  0.000000e+00 0.000000e+00 0.000000e+00 0.000000e+00   0.0%
------------------------------------------------------------------------
Total                6.708740e-03 1.068908e-07 3.647822e-07 6.709212e-03 100.0%
                           100.0%         0.0%         0.0%

