
===========================================================================
 report_power
============================================================================
======================= nom_ff_n40C_1v95 Corner ===================================

Group                    Internal    Switching      Leakage        Total
                            Power        Power        Power        Power (Watts)
------------------------------------------------------------------------
Sequential           8.563288e-03 7.531993e-08 1.736092e-07 8.563537e-03 100.0%
Combinational        1.584031e-08 1.848396e-08 6.153073e-07 6.496316e-07   0.0%
Clock                0.000000e+00 0.000000e+00 0.000000e+00 0.000000e+00   0.0%
Macro                0.000000e+00 0.000000e+00 0.000000e+00 0.000000e+00   0.0%
Pad                  0.000000e+00 0.000000e+00 0.000000e+00 0.000000e+00   0.0%
------------------------------------------------------------------------
Total                8.563304e-03 9.380389e-08 7.889498e-07 8.564187e-03 100.0%
                           100.0%         0.0%         0.0%

