
===========================================================================
 report_power
============================================================================
======================= nom_tt_025C_1v80 Corner ===================================

Group                    Internal    Switching      Leakage        Total
                            Power        Power        Power        Power (Watts)
------------------------------------------------------------------------
Sequential           6.708705e-03 4.636116e-08 7.622933e-08 6.708828e-03 100.0%
Combinational        1.384843e-08 2.781216e-08 2.840306e-07 3.256912e-07   0.0%
Clock                0.000000e+00 0.000000e+00 0.000000e+00 0.000000e+00   0.0%
Macro                0.000000e+00 0.000000e+00 0.000000e+00 0.000000e+00   0.0%
Pad                  0.000000e+00 0.000000e+00 0.000000e+00 0.000000e+00   0.0%
------------------------------------------------------------------------
Total                6.708719e-03 7.417332e-08 3.601746e-07 6.709153e-03 100.0%
                           100.0%         0.0%         0.0%

