┏━━━━━━━━━━━━━━━━━━━━━━┳━━━━━━━━━━┳━━━━━━━━━━┳━━━━━━━━━━┳━━━━━━━━━━┳━━━━━━━━━━┳━━━━━━━━━━━┳━━━━━━━━━━┳━━━━━━━━━━━┳━━━━━━━━━━┳━━━━━━━━━━━┳━━━━━━━━━━┳━━━━━━━━━━━┓
┃                      ┃ Hold     ┃ Reg to   ┃          ┃          ┃ of which ┃ Setup     ┃ Reg to   ┃           ┃ Setup    ┃ of which  ┃          ┃           ┃
┃                      ┃ Worst    ┃ Reg      ┃          ┃ Hold Vio ┃ reg to   ┃ Worst     ┃ Reg      ┃           ┃ Vio      ┃ reg to    ┃ Max Cap  ┃ Max Slew  ┃
┃ Corner/Group         ┃ Slack    ┃ Paths    ┃ Hold TNS ┃ Count    ┃ reg      ┃ Slack     ┃ Paths    ┃ Setup TNS ┃ Count    ┃ reg       ┃ Violati… ┃ Violatio… ┃
┡━━━━━━━━━━━━━━━━━━━━━━╇━━━━━━━━━━╇━━━━━━━━━━╇━━━━━━━━━━╇━━━━━━━━━━╇━━━━━━━━━━╇━━━━━━━━━━━╇━━━━━━━━━━╇━━━━━━━━━━━╇━━━━━━━━━━╇━━━━━━━━━━━╇━━━━━━━━━━╇━━━━━━━━━━━┩
│ Overall              │ 0.1089   │ 0.1089   │ 0.0000   │ 0        │ 0        │ -94.1974  │ -94.1974 │ -5193.83… │ 1120     │ 1120      │ 199      │ 51583     │
│ nom_tt_025C_1v80     │ 0.1773   │ 0.1773   │ 0.0000   │ 0        │ 0        │ -87.4513  │ -87.4513 │ -2769.24… │ 32       │ 32        │ 96       │ 40056     │
│ nom_ss_100C_1v60     │ 0.4807   │ 0.4807   │ 0.0000   │ 0        │ 0        │ -94.1974  │ -94.1974 │ -5193.83… │ 1056     │ 1056      │ 199      │ 51583     │
│ nom_ff_n40C_1v95     │ 0.1089   │ 0.1089   │ 0.0000   │ 0        │ 0        │ -23.3728  │ -23.3728 │ -729.9800 │ 32       │ 32        │ 83       │ 31359     │
└──────────────────────┴──────────┴──────────┴──────────┴──────────┴──────────┴───────────┴──────────┴───────────┴──────────┴───────────┴──────────┴───────────┘
