
===========================================================================
 report_power
============================================================================
======================= nom_ss_100C_1v60 Corner ===================================

Group                    Internal    Switching      Leakage        Total
                            Power        Power        Power        Power (Watts)
------------------------------------------------------------------------
Sequential           5.058198e-03 6.027776e-08 1.289579e-04 5.187216e-03  93.8%
Combinational        2.583425e-08 2.310912e-08 3.417871e-04 3.418360e-04   6.2%
Clock                0.000000e+00 0.000000e+00 0.000000e+00 0.000000e+00   0.0%
Macro                0.000000e+00 0.000000e+00 0.000000e+00 0.000000e+00   0.0%
Pad                  0.000000e+00 0.000000e+00 0.000000e+00 0.000000e+00   0.0%
------------------------------------------------------------------------
Total                5.058224e-03 8.338689e-08 4.706975e-04 5.529005e-03 100.0%
                            91.5%         0.0%         8.5%

