
===========================================================================
 report_power
============================================================================
======================= nom_ss_100C_1v60 Corner ===================================

Group                    Internal    Switching      Leakage        Total
                            Power        Power        Power        Power (Watts)
------------------------------------------------------------------------
Sequential           5.058197e-03 4.225536e-08 1.289619e-04 5.187201e-03  94.8%
Combinational        9.318541e-09 1.619968e-08 2.849124e-04 2.849380e-04   5.2%
Clock                0.000000e+00 0.000000e+00 0.000000e+00 0.000000e+00   0.0%
Macro                0.000000e+00 0.000000e+00 0.000000e+00 0.000000e+00   0.0%
Pad                  0.000000e+00 0.000000e+00 0.000000e+00 0.000000e+00   0.0%
------------------------------------------------------------------------
Total                5.058206e-03 5.845504e-08 4.138269e-04 5.472091e-03 100.0%
                            92.4%         0.0%         7.6%

